C:/Users/user/Desktop/mc_sdk-install/f446-ihm07-a2208/f446-ihm07-a2208/MCSDK_v5.4.7-Full/MotorControl/MCSDK/MCLib/F4xx/Src/r3_2_f4xx_pwm_curr_fdbk.c:242:13:R3_2_GetPhaseCurrents	8	static
C:/Users/user/Desktop/mc_sdk-install/f446-ihm07-a2208/f446-ihm07-a2208/MCSDK_v5.4.7-Full/MotorControl/MCSDK/MCLib/F4xx/Src/r3_2_f4xx_pwm_curr_fdbk.c:394:13:R3_2_HFCurrentsCalibrationAB	4	static
C:/Users/user/Desktop/mc_sdk-install/f446-ihm07-a2208/f446-ihm07-a2208/MCSDK_v5.4.7-Full/MotorControl/MCSDK/MCLib/F4xx/Src/r3_2_f4xx_pwm_curr_fdbk.c:423:13:R3_2_HFCurrentsCalibrationC	4	static
C:/Users/user/Desktop/mc_sdk-install/f446-ihm07-a2208/f446-ihm07-a2208/MCSDK_v5.4.7-Full/MotorControl/MCSDK/MCLib/F4xx/Src/r3_2_f4xx_pwm_curr_fdbk.c:449:13:R3_2_TurnOnLowSides	4	static
C:/Users/user/Desktop/mc_sdk-install/f446-ihm07-a2208/f446-ihm07-a2208/MCSDK_v5.4.7-Full/MotorControl/MCSDK/MCLib/F4xx/Src/r3_2_f4xx_pwm_curr_fdbk.c:486:13:R3_2_SwitchOnPWM	8	static
C:/Users/user/Desktop/mc_sdk-install/f446-ihm07-a2208/f446-ihm07-a2208/MCSDK_v5.4.7-Full/MotorControl/MCSDK/MCLib/F4xx/Src/r3_2_f4xx_pwm_curr_fdbk.c:541:13:R3_2_SwitchOffPWM	8	static
C:/Users/user/Desktop/mc_sdk-install/f446-ihm07-a2208/f446-ihm07-a2208/MCSDK_v5.4.7-Full/MotorControl/MCSDK/MCLib/F4xx/Src/r3_2_f4xx_pwm_curr_fdbk.c:614:17:R3_2_SetADCSampPointCalibration	4	static
C:/Users/user/Desktop/mc_sdk-install/f446-ihm07-a2208/f446-ihm07-a2208/MCSDK_v5.4.7-Full/MotorControl/MCSDK/MCLib/F4xx/Src/r3_2_f4xx_pwm_curr_fdbk.c:633:17:R3_2_SetADCSampPointSectX	8	static
C:/Users/user/Desktop/mc_sdk-install/f446-ihm07-a2208/f446-ihm07-a2208/MCSDK_v5.4.7-Full/MotorControl/MCSDK/MCLib/F4xx/Src/r3_2_f4xx_pwm_curr_fdbk.c:976:6:R3_2_RLGetPhaseCurrents	4	static
C:/Users/user/Desktop/mc_sdk-install/f446-ihm07-a2208/f446-ihm07-a2208/MCSDK_v5.4.7-Full/MotorControl/MCSDK/MCLib/F4xx/Src/r3_2_f4xx_pwm_curr_fdbk.c:1016:13:R3_2_RLTurnOnLowSides	4	static
C:/Users/user/Desktop/mc_sdk-install/f446-ihm07-a2208/f446-ihm07-a2208/MCSDK_v5.4.7-Full/MotorControl/MCSDK/MCLib/F4xx/Src/r3_2_f4xx_pwm_curr_fdbk.c:1051:13:R3_2_RLSwitchOnPWM	8	static
C:/Users/user/Desktop/mc_sdk-install/f446-ihm07-a2208/f446-ihm07-a2208/MCSDK_v5.4.7-Full/MotorControl/MCSDK/MCLib/F4xx/Src/r3_2_f4xx_pwm_curr_fdbk.c:73:13:R3_2_Init	8	static
C:/Users/user/Desktop/mc_sdk-install/f446-ihm07-a2208/f446-ihm07-a2208/MCSDK_v5.4.7-Full/MotorControl/MCSDK/MCLib/F4xx/Src/r3_2_f4xx_pwm_curr_fdbk.c:156:13:R3_2_CurrentReadingCalibration	32	static
C:/Users/user/Desktop/mc_sdk-install/f446-ihm07-a2208/f446-ihm07-a2208/MCSDK_v5.4.7-Full/MotorControl/MCSDK/MCLib/F4xx/Src/r3_2_f4xx_pwm_curr_fdbk.c:697:15:R3_2_TIMx_UP_IRQHandler	8	static
C:/Users/user/Desktop/mc_sdk-install/f446-ihm07-a2208/f446-ihm07-a2208/MCSDK_v5.4.7-Full/MotorControl/MCSDK/MCLib/F4xx/Src/r3_2_f4xx_pwm_curr_fdbk.c:768:14:R3_2_BRK_IRQHandler	8	static
C:/Users/user/Desktop/mc_sdk-install/f446-ihm07-a2208/f446-ihm07-a2208/MCSDK_v5.4.7-Full/MotorControl/MCSDK/MCLib/F4xx/Src/r3_2_f4xx_pwm_curr_fdbk.c:788:17:R3_2_IsOverCurrentOccurred	0	static
C:/Users/user/Desktop/mc_sdk-install/f446-ihm07-a2208/f446-ihm07-a2208/MCSDK_v5.4.7-Full/MotorControl/MCSDK/MCLib/F4xx/Src/r3_2_f4xx_pwm_curr_fdbk.c:806:6:R3_2_RLDetectionModeEnable	8	static
C:/Users/user/Desktop/mc_sdk-install/f446-ihm07-a2208/f446-ihm07-a2208/MCSDK_v5.4.7-Full/MotorControl/MCSDK/MCLib/F4xx/Src/r3_2_f4xx_pwm_curr_fdbk.c:856:6:R3_2_RLDetectionModeDisable	4	static
C:/Users/user/Desktop/mc_sdk-install/f446-ihm07-a2208/f446-ihm07-a2208/MCSDK_v5.4.7-Full/MotorControl/MCSDK/MCLib/F4xx/Src/r3_2_f4xx_pwm_curr_fdbk.c:933:10:R3_2_RLDetectionModeSetDuty	0	static
C:/Users/user/Desktop/mc_sdk-install/f446-ihm07-a2208/f446-ihm07-a2208/MCSDK_v5.4.7-Full/MotorControl/MCSDK/MCLib/F4xx/Src/r3_2_f4xx_pwm_curr_fdbk.c:1109:6:RLTurnOnLowSidesAndStart	16	static
C:/Users/user/Desktop/mc_sdk-install/f446-ihm07-a2208/f446-ihm07-a2208/MCSDK_v5.4.7-Full/MotorControl/MCSDK/MCLib/F4xx/Src/r3_2_f4xx_pwm_curr_fdbk.c:1165:6:RLSetADCSampPoint	0	static
