Archive member included to satisfy reference by file (symbol)

C:/ST/STM32CubeIDE_1.14.0/STM32CubeIDE/plugins/com.st.stm32cube.ide.mcu.externaltools.gnu-tools-for-stm32.11.3.rel1.win32_1.1.100.202309141235/tools/bin/../lib/gcc/arm-none-eabi/11.3.1/../../../../arm-none-eabi/lib/thumb/v7e-m+fp/hard\libc_nano.a(libc_a-exit.o)
                              C:/ST/STM32CubeIDE_1.14.0/STM32CubeIDE/plugins/com.st.stm32cube.ide.mcu.externaltools.gnu-tools-for-stm32.11.3.rel1.win32_1.1.100.202309141235/tools/bin/../lib/gcc/arm-none-eabi/11.3.1/../../../../arm-none-eabi/lib/thumb/v7e-m+fp/hard/crt0.o (exit)
C:/ST/STM32CubeIDE_1.14.0/STM32CubeIDE/plugins/com.st.stm32cube.ide.mcu.externaltools.gnu-tools-for-stm32.11.3.rel1.win32_1.1.100.202309141235/tools/bin/../lib/gcc/arm-none-eabi/11.3.1/../../../../arm-none-eabi/lib/thumb/v7e-m+fp/hard\libc_nano.a(libc_a-findfp.o)
                              C:/ST/STM32CubeIDE_1.14.0/STM32CubeIDE/plugins/com.st.stm32cube.ide.mcu.externaltools.gnu-tools-for-stm32.11.3.rel1.win32_1.1.100.202309141235/tools/bin/../lib/gcc/arm-none-eabi/11.3.1/../../../../arm-none-eabi/lib/thumb/v7e-m+fp/hard\libc_nano.a(libc_a-exit.o) (__stdio_exit_handler)
C:/ST/STM32CubeIDE_1.14.0/STM32CubeIDE/plugins/com.st.stm32cube.ide.mcu.externaltools.gnu-tools-for-stm32.11.3.rel1.win32_1.1.100.202309141235/tools/bin/../lib/gcc/arm-none-eabi/11.3.1/../../../../arm-none-eabi/lib/thumb/v7e-m+fp/hard\libc_nano.a(libc_a-fwalk.o)
                              C:/ST/STM32CubeIDE_1.14.0/STM32CubeIDE/plugins/com.st.stm32cube.ide.mcu.externaltools.gnu-tools-for-stm32.11.3.rel1.win32_1.1.100.202309141235/tools/bin/../lib/gcc/arm-none-eabi/11.3.1/../../../../arm-none-eabi/lib/thumb/v7e-m+fp/hard\libc_nano.a(libc_a-findfp.o) (_fwalk_sglue)
C:/ST/STM32CubeIDE_1.14.0/STM32CubeIDE/plugins/com.st.stm32cube.ide.mcu.externaltools.gnu-tools-for-stm32.11.3.rel1.win32_1.1.100.202309141235/tools/bin/../lib/gcc/arm-none-eabi/11.3.1/../../../../arm-none-eabi/lib/thumb/v7e-m+fp/hard\libc_nano.a(libc_a-stdio.o)
                              C:/ST/STM32CubeIDE_1.14.0/STM32CubeIDE/plugins/com.st.stm32cube.ide.mcu.externaltools.gnu-tools-for-stm32.11.3.rel1.win32_1.1.100.202309141235/tools/bin/../lib/gcc/arm-none-eabi/11.3.1/../../../../arm-none-eabi/lib/thumb/v7e-m+fp/hard\libc_nano.a(libc_a-findfp.o) (__sread)
C:/ST/STM32CubeIDE_1.14.0/STM32CubeIDE/plugins/com.st.stm32cube.ide.mcu.externaltools.gnu-tools-for-stm32.11.3.rel1.win32_1.1.100.202309141235/tools/bin/../lib/gcc/arm-none-eabi/11.3.1/../../../../arm-none-eabi/lib/thumb/v7e-m+fp/hard\libc_nano.a(libc_a-memset.o)
                              C:/ST/STM32CubeIDE_1.14.0/STM32CubeIDE/plugins/com.st.stm32cube.ide.mcu.externaltools.gnu-tools-for-stm32.11.3.rel1.win32_1.1.100.202309141235/tools/bin/../lib/gcc/arm-none-eabi/11.3.1/../../../../arm-none-eabi/lib/thumb/v7e-m+fp/hard/crt0.o (memset)
C:/ST/STM32CubeIDE_1.14.0/STM32CubeIDE/plugins/com.st.stm32cube.ide.mcu.externaltools.gnu-tools-for-stm32.11.3.rel1.win32_1.1.100.202309141235/tools/bin/../lib/gcc/arm-none-eabi/11.3.1/../../../../arm-none-eabi/lib/thumb/v7e-m+fp/hard\libc_nano.a(libc_a-closer.o)
                              C:/ST/STM32CubeIDE_1.14.0/STM32CubeIDE/plugins/com.st.stm32cube.ide.mcu.externaltools.gnu-tools-for-stm32.11.3.rel1.win32_1.1.100.202309141235/tools/bin/../lib/gcc/arm-none-eabi/11.3.1/../../../../arm-none-eabi/lib/thumb/v7e-m+fp/hard\libc_nano.a(libc_a-stdio.o) (_close_r)
C:/ST/STM32CubeIDE_1.14.0/STM32CubeIDE/plugins/com.st.stm32cube.ide.mcu.externaltools.gnu-tools-for-stm32.11.3.rel1.win32_1.1.100.202309141235/tools/bin/../lib/gcc/arm-none-eabi/11.3.1/../../../../arm-none-eabi/lib/thumb/v7e-m+fp/hard\libc_nano.a(libc_a-reent.o)
                              C:/ST/STM32CubeIDE_1.14.0/STM32CubeIDE/plugins/com.st.stm32cube.ide.mcu.externaltools.gnu-tools-for-stm32.11.3.rel1.win32_1.1.100.202309141235/tools/bin/../lib/gcc/arm-none-eabi/11.3.1/../../../../arm-none-eabi/lib/thumb/v7e-m+fp/hard\libc_nano.a(libc_a-closer.o) (errno)
C:/ST/STM32CubeIDE_1.14.0/STM32CubeIDE/plugins/com.st.stm32cube.ide.mcu.externaltools.gnu-tools-for-stm32.11.3.rel1.win32_1.1.100.202309141235/tools/bin/../lib/gcc/arm-none-eabi/11.3.1/../../../../arm-none-eabi/lib/thumb/v7e-m+fp/hard\libc_nano.a(libc_a-impure.o)
                              C:/ST/STM32CubeIDE_1.14.0/STM32CubeIDE/plugins/com.st.stm32cube.ide.mcu.externaltools.gnu-tools-for-stm32.11.3.rel1.win32_1.1.100.202309141235/tools/bin/../lib/gcc/arm-none-eabi/11.3.1/../../../../arm-none-eabi/lib/thumb/v7e-m+fp/hard\libc_nano.a(libc_a-reent.o) (_impure_ptr)
C:/ST/STM32CubeIDE_1.14.0/STM32CubeIDE/plugins/com.st.stm32cube.ide.mcu.externaltools.gnu-tools-for-stm32.11.3.rel1.win32_1.1.100.202309141235/tools/bin/../lib/gcc/arm-none-eabi/11.3.1/../../../../arm-none-eabi/lib/thumb/v7e-m+fp/hard\libc_nano.a(libc_a-lseekr.o)
[...]
Memory Configuration

Name             Origin             Length             Attributes
RAM              0x0000000020000000 0x0000000000020000 xrw
FLASH            0x0000000008000000 0x0000000000080000 xr
*default*        0x0000000000000000 0xffffffffffffffff

Linker script and memory map

LOAD C:/ST/STM32CubeIDE_1.14.0/STM32CubeIDE/plugins/com.st.stm32cube.ide.mcu.externaltools.gnu-tools-for-stm32.11.3.rel1.win32_1.1.100.202309141235/tools/bin/../lib/gcc/arm-none-eabi/11.3.1/thumb/v7e-m+fp/hard/crti.o
LOAD C:/ST/STM32CubeIDE_1.14.0/STM32CubeIDE/plugins/com.st.stm32cube.ide.mcu.externaltools.gnu-tools-for-stm32.11.3.rel1.win32_1.1.100.202309141235/tools/bin/../lib/gcc/arm-none-eabi/11.3.1/thumb/v7e-m+fp/hard/crtbegin.o
LOAD C:/ST/STM32CubeIDE_1.14.0/STM32CubeIDE/plugins/com.st.stm32cube.ide.mcu.externaltools.gnu-tools-for-stm32.11.3.rel1.win32_1.1.100.202309141235/tools/bin/../lib/gcc/arm-none-eabi/11.3.1/../../../../arm-none-eabi/lib/thumb/v7e-m+fp/hard/crt0.o
LOAD ./Application/Startup/startup_stm32f446retx.o
LOAD ./Application/User/dac_ui.o
LOAD ./Application/User/main.o
LOAD ./Application/User/mc_api.o
LOAD ./Application/User/mc_config.o
LOAD ./Application/User/mc_interface.o
LOAD ./Application/User/mc_math.o
LOAD ./Application/User/mc_parameters.o
LOAD ./Application/User/mc_tasks.o
LOAD ./Application/User/motor_control_protocol.o
LOAD ./Application/User/motorcontrol.o
LOAD ./Application/User/regular_conversion_manager.o
LOAD ./Application/User/stm32f4xx_hal_msp.o
LOAD ./Application/User/stm32f4xx_it.o
LOAD ./Application/User/stm32f4xx_mc_it.o
LOAD ./Application/User/syscalls.o
LOAD ./Application/User/sysmem.o
LOAD ./Application/User/ui_task.o
LOAD ./Application/User/user_interface.o
LOAD ./Drivers/CMSIS/system_stm32f4xx.o
LOAD ./Drivers/STM32F4xx_HAL_Driver/stm32f4xx_hal.o
LOAD ./Drivers/STM32F4xx_HAL_Driver/stm32f4xx_hal_adc.o
LOAD ./Drivers/STM32F4xx_HAL_Driver/stm32f4xx_hal_adc_ex.o
LOAD ./Drivers/STM32F4xx_HAL_Driver/stm32f4xx_hal_cortex.o
LOAD ./Drivers/STM32F4xx_HAL_Driver/stm32f4xx_hal_dac.o
LOAD ./Drivers/STM32F4xx_HAL_Driver/stm32f4xx_hal_dac_ex.o
LOAD ./Drivers/STM32F4xx_HAL_Driver/stm32f4xx_hal_dma.o
LOAD ./Drivers/STM32F4xx_HAL_Driver/stm32f4xx_hal_dma_ex.o
LOAD ./Drivers/STM32F4xx_HAL_Driver/stm32f4xx_hal_exti.o
LOAD ./Drivers/STM32F4xx_HAL_Driver/stm32f4xx_hal_flash.o
LOAD ./Drivers/STM32F4xx_HAL_Driver/stm32f4xx_hal_flash_ex.o
LOAD ./Drivers/STM32F4xx_HAL_Driver/stm32f4xx_hal_flash_ramfunc.o
LOAD ./Drivers/STM32F4xx_HAL_Driver/stm32f4xx_hal_gpio.o
LOAD ./Drivers/STM32F4xx_HAL_Driver/stm32f4xx_hal_pwr.o
LOAD ./Drivers/STM32F4xx_HAL_Driver/stm32f4xx_hal_pwr_ex.o
LOAD ./Drivers/STM32F4xx_HAL_Driver/stm32f4xx_hal_rcc.o
LOAD ./Drivers/STM32F4xx_HAL_Driver/stm32f4xx_hal_rcc_ex.o
LOAD ./Drivers/STM32F4xx_HAL_Driver/stm32f4xx_hal_tim.o
LOAD ./Drivers/STM32F4xx_HAL_Driver/stm32f4xx_hal_tim_ex.o
LOAD ./Drivers/STM32F4xx_HAL_Driver/stm32f4xx_hal_uart.o
LOAD ./Drivers/STM32F4xx_HAL_Driver/stm32f4xx_ll_adc.o
LOAD ./Middlewares/MotorControl/bus_voltage_sensor.o
LOAD ./Middlewares/MotorControl/circle_limitation.o
LOAD ./Middlewares/MotorControl/dac_common_ui.o
LOAD ./Middlewares/MotorControl/digital_output.o
LOAD ./Middlewares/MotorControl/frame_communication_protocol.o
LOAD ./Middlewares/MotorControl/motor_power_measurement.o
LOAD ./Middlewares/MotorControl/ntc_temperature_sensor.o
LOAD ./Middlewares/MotorControl/open_loop.o
LOAD ./Middlewares/MotorControl/pid_regulator.o
LOAD ./Middlewares/MotorControl/pqd_motor_power_measurement.o
LOAD ./Middlewares/MotorControl/pwm_common.o
LOAD ./Middlewares/MotorControl/pwm_curr_fdbk.o
LOAD ./Middlewares/MotorControl/r3_2_f4xx_pwm_curr_fdbk.o
LOAD ./Middlewares/MotorControl/r_divider_bus_voltage_sensor.o
LOAD ./Middlewares/MotorControl/ramp_ext_mngr.o
LOAD ./Middlewares/MotorControl/revup_ctrl.o
LOAD ./Middlewares/MotorControl/speed_pos_fdbk.o
LOAD ./Middlewares/MotorControl/speed_torq_ctrl.o
LOAD ./Middlewares/MotorControl/state_machine.o
LOAD ./Middlewares/MotorControl/sto_pll_speed_pos_fdbk.o
LOAD ./Middlewares/MotorControl/ui_irq_handler.o
LOAD ./Middlewares/MotorControl/usart_frame_communication_protocol.o
LOAD ./Middlewares/MotorControl/virtual_speed_sensor.o
START GROUP
LOAD C:/ST/STM32CubeIDE_1.14.0/STM32CubeIDE/plugins/com.st.stm32cube.ide.mcu.externaltools.gnu-tools-for-stm32.11.3.rel1.win32_1.1.100.202309141235/tools/bin/../lib/gcc/arm-none-eabi/11.3.1/../../../../arm-none-eabi/lib/thumb/v7e-m+fp/hard\libc_nano.a
LOAD C:/ST/STM32CubeIDE_1.14.0/STM32CubeIDE/plugins/com.st.stm32cube.ide.mcu.externaltools.gnu-tools-for-stm32.11.3.rel1.win32_1.1.100.202309141235/tools/bin/../lib/gcc/arm-none-eabi/11.3.1/../../../../arm-none-eabi/lib/thumb/v7e-m+fp/hard\libm.a
END GROUP
START GROUP
LOAD C:/ST/STM32CubeIDE_1.14.0/STM32CubeIDE/plugins/com.st.stm32cube.ide.mcu.externaltools.gnu-tools-for-stm32.11.3.rel1.win32_1.1.100.202309141235/tools/bin/../lib/gcc/arm-none-eabi/11.3.1/thumb/v7e-m+fp/hard\libgcc.a
LOAD C:/ST/STM32CubeIDE_1.14.0/STM32CubeIDE/plugins/com.st.stm32cube.ide.mcu.externaltools.gnu-tools-for-stm32.11.3.rel1.win32_1.1.100.202309141235/tools/bin/../lib/gcc/arm-none-eabi/11.3.1/../../../../arm-none-eabi/lib/thumb/v7e-m+fp/hard\libc_nano.a
END GROUP
START GROUP
LOAD C:/ST/STM32CubeIDE_1.14.0/STM32CubeIDE/plugins/com.st.stm32cube.ide.mcu.externaltools.gnu-tools-for-stm32.11.3.rel1.win32_1.1.100.202309141235/tools/bin/../lib/gcc/arm-none-eabi/11.3.1/thumb/v7e-m+fp/hard\libgcc.a
LOAD C:/ST/STM32CubeIDE_1.14.0/STM32CubeIDE/plugins/com.st.stm32cube.ide.mcu.externaltools.gnu-tools-for-stm32.11.3.rel1.win32_1.1.100.202309141235/tools/bin/../lib/gcc/arm-none-eabi/11.3.1/../../../../arm-none-eabi/lib/thumb/v7e-m+fp/hard\libc_nano.a
LOAD C:/ST/STM32CubeIDE_1.14.0/STM32CubeIDE/plugins/com.st.stm32cube.ide.mcu.externaltools.gnu-tools-for-stm32.11.3.rel1.win32_1.1.100.202309141235/tools/bin/../lib/gcc/arm-none-eabi/11.3.1/../../../../arm-none-eabi/lib/thumb/v7e-m+fp/hard\libnosys.a
END GROUP
START GROUP
LOAD C:/ST/STM32CubeIDE_1.14.0/STM32CubeIDE/plugins/com.st.stm32cube.ide.mcu.externaltools.gnu-tools-for-stm32.11.3.rel1.win32_1.1.100.202309141235/tools/bin/../lib/gcc/arm-none-eabi/11.3.1/thumb/v7e-m+fp/hard\libgcc.a
LOAD C:/ST/STM32CubeIDE_1.14.0/STM32CubeIDE/plugins/com.st.stm32cube.ide.mcu.externaltools.gnu-tools-for-stm32.11.3.rel1.win32_1.1.100.202309141235/tools/bin/../lib/gcc/arm-none-eabi/11.3.1/../../../../arm-none-eabi/lib/thumb/v7e-m+fp/hard\libc_nano.a
LOAD C:/ST/STM32CubeIDE_1.14.0/STM32CubeIDE/plugins/com.st.stm32cube.ide.mcu.externaltools.gnu-tools-for-stm32.11.3.rel1.win32_1.1.100.202309141235/tools/bin/../lib/gcc/arm-none-eabi/11.3.1/../../../../arm-none-eabi/lib/thumb/v7e-m+fp/hard\libnosys.a
END GROUP
LOAD C:/ST/STM32CubeIDE_1.14.0/STM32CubeIDE/plugins/com.st.stm32cube.ide.mcu.externaltools.gnu-tools-for-stm32.11.3.rel1.win32_1.1.100.202309141235/tools/bin/../lib/gcc/arm-none-eabi/11.3.1/thumb/v7e-m+fp/hard/crtend.o
LOAD C:/ST/STM32CubeIDE_1.14.0/STM32CubeIDE/plugins/com.st.stm32cube.ide.mcu.externaltools.gnu-tools-for-stm32.11.3.rel1.win32_1.1.100.202309141235/tools/bin/../lib/gcc/arm-none-eabi/11.3.1/thumb/v7e-m+fp/hard/crtn.o
                0x0000000020020000                _estack = (ORIGIN (RAM) + LENGTH (RAM))
                0x0000000000000200                _Min_Heap_Size = 0x200
                0x0000000000000400                _Min_Stack_Size = 0x400

.isr_vector     0x0000000008000000      0x1c4
                0x0000000008000000                . = ALIGN (0x4)
 *(.isr_vector)
 .isr_vector    0x0000000008000000      0x1c4 ./Application/Startup/startup_stm32f446retx.o
                0x0000000008000000                g_pfnVectors
                0x00000000080001c4                . = ALIGN (0x4)

.text           0x00000000080001c8     0x6a8c
                0x00000000080001c8                . = ALIGN (0x4)
 *(.text)
 .text          0x00000000080001c8       0x40 C:/ST/STM32CubeIDE_1.14.0/STM32CubeIDE/plugins/com.st.stm32cube.ide.mcu.externaltools.gnu-tools-for-stm32.11.3.rel1.win32_1.1.100.202309141235/tools/bin/../lib/gcc/arm-none-eabi/11.3.1/thumb/v7e-m+fp/hard/crtbegin.o
 .text          0x0000000008000208       0x30 C:/ST/STM32CubeIDE_1.14.0/STM32CubeIDE/plugins/com.st.stm32cube.ide.mcu.externaltools.gnu-tools-for-stm32.11.3.rel1.win32_1.1.100.202309141235/tools/bin/../lib/gcc/arm-none-eabi/11.3.1/thumb/v7e-m+fp/hard\libgcc.a(_aeabi_uldivmod.o)
                0x0000000008000208                __aeabi_uldivmod
 .text          0x0000000008000238      0x2c8 C:/ST/STM32CubeIDE_1.14.0/STM32CubeIDE/plugins/com.st.stm32cube.ide.mcu.externaltools.gnu-tools-for-stm32.11.3.rel1.win32_1.1.100.202309141235/tools/bin/../lib/gcc/arm-none-eabi/11.3.1/thumb/v7e-m+fp/hard\libgcc.a(_udivmoddi4.o)
                0x0000000008000238                __udivmoddi4
 .text          0x0000000008000500        0x4 C:/ST/STM32CubeIDE_1.14.0/STM32CubeIDE/plugins/com.st.stm32cube.ide.mcu.externaltools.gnu-tools-for-stm32.11.3.rel1.win32_1.1.100.202309141235/tools/bin/../lib/gcc/arm-none-eabi/11.3.1/thumb/v7e-m+fp/hard\libgcc.a(_dvmd_tls.o)
                0x0000000008000500                __aeabi_idiv0
                0x0000000008000500                __aeabi_ldiv0
 *(.text*)
 .text.Reset_Handler
                0x0000000008000504       0x50 ./Application/Startup/startup_stm32f446retx.o
                0x0000000008000504                Reset_Handler
 .text.Default_Handler
                0x0000000008000554        0x2 ./Application/Startup/startup_stm32f446retx.o
                0x0000000008000554                RTC_Alarm_IRQHandler
                0x0000000008000554                EXTI2_IRQHandler
                0x0000000008000554                TIM8_CC_IRQHandler
                0x0000000008000554                DebugMon_Handler
                0x0000000008000554                FMPI2C1_EV_IRQHandler
                0x0000000008000554                SPI4_IRQHandler
                0x0000000008000554                TIM1_CC_IRQHandler
                0x0000000008000554                DMA2_Stream5_IRQHandler
                0x0000000008000554                DMA1_Stream5_IRQHandler
                0x0000000008000554                PVD_IRQHandler
                0x0000000008000554                SDIO_IRQHandler
                0x0000000008000554                TAMP_STAMP_IRQHandler
                0x0000000008000554                PendSV_Handler
                0x0000000008000554                NMI_Handler
                0x0000000008000554                CAN2_RX1_IRQHandler
                0x0000000008000554                EXTI3_IRQHandler
                0x0000000008000554                TIM8_TRG_COM_TIM14_IRQHandler
                0x0000000008000554                TIM8_UP_TIM13_IRQHandler
                0x0000000008000554                I2C3_ER_IRQHandler
                0x0000000008000554                EXTI0_IRQHandler
                0x0000000008000554                I2C2_EV_IRQHandler
                0x0000000008000554                DMA1_Stream2_IRQHandler
                0x0000000008000554                CAN1_RX0_IRQHandler
                0x0000000008000554                FPU_IRQHandler
                0x0000000008000554                OTG_HS_WKUP_IRQHandler
                0x0000000008000554                UsageFault_Handler
                0x0000000008000554                CAN2_SCE_IRQHandler
                0x0000000008000554                DMA2_Stream2_IRQHandler
                0x0000000008000554                SPI1_IRQHandler
                0x0000000008000554                TIM6_DAC_IRQHandler
                0x0000000008000554                DCMI_IRQHandler
                0x0000000008000554                CAN2_RX0_IRQHandler
                0x0000000008000554                DMA2_Stream3_IRQHandler
                0x0000000008000554                SAI2_IRQHandler
                0x0000000008000554                USART6_IRQHandler
                0x0000000008000554                USART3_IRQHandler
                0x0000000008000554                CAN1_RX1_IRQHandler
                0x0000000008000554                UART5_IRQHandler
                0x0000000008000554                DMA2_Stream0_IRQHandler
                0x0000000008000554                TIM4_IRQHandler
                0x0000000008000554                QUADSPI_IRQHandler
                0x0000000008000554                I2C1_EV_IRQHandler
                0x0000000008000554                DMA1_Stream6_IRQHandler
                0x0000000008000554                DMA1_Stream1_IRQHandler
                0x0000000008000554                UART4_IRQHandler
                0x0000000008000554                TIM3_IRQHandler
                0x0000000008000554                RCC_IRQHandler
                0x0000000008000554                TIM8_BRK_TIM12_IRQHandler
                0x0000000008000554                Default_Handler
                0x0000000008000554                CEC_IRQHandler
                0x0000000008000554                DMA1_Stream7_IRQHandler
                0x0000000008000554                TIM7_IRQHandler
                0x0000000008000554                CAN2_TX_IRQHandler
                0x0000000008000554                TIM5_IRQHandler
                0x0000000008000554                DMA2_Stream7_IRQHandler
                0x0000000008000554                I2C3_EV_IRQHandler
                0x0000000008000554                EXTI9_5_IRQHandler
                0x0000000008000554                RTC_WKUP_IRQHandler
                0x0000000008000554                SPDIF_RX_IRQHandler
                0x0000000008000554                SPI2_IRQHandler
                0x0000000008000554                OTG_HS_EP1_IN_IRQHandler
                0x0000000008000554                MemManage_Handler
                0x0000000008000554                DMA1_Stream0_IRQHandler
                0x0000000008000554                CAN1_TX_IRQHandler
                0x0000000008000554                SVC_Handler
                0x0000000008000554                FMPI2C1_ER_IRQHandler
                0x0000000008000554                EXTI4_IRQHandler
                0x0000000008000554                OTG_HS_EP1_OUT_IRQHandler
                0x0000000008000554                WWDG_IRQHandler
                0x0000000008000554                TIM2_IRQHandler
                0x0000000008000554                OTG_FS_WKUP_IRQHandler
                0x0000000008000554                TIM1_TRG_COM_TIM11_IRQHandler
                0x0000000008000554                OTG_HS_IRQHandler
                0x0000000008000554                EXTI1_IRQHandler
                0x0000000008000554                I2C2_ER_IRQHandler
                0x0000000008000554                DMA2_Stream1_IRQHandler
                0x0000000008000554                CAN1_SCE_IRQHandler
                0x0000000008000554                FLASH_IRQHandler
                0x0000000008000554                DMA2_Stream4_IRQHandler
                0x0000000008000554                BusFault_Handler
                0x0000000008000554                USART1_IRQHandler
                0x0000000008000554                OTG_FS_IRQHandler
                0x0000000008000554                SPI3_IRQHandler
                0x0000000008000554                DMA1_Stream4_IRQHandler
                0x0000000008000554                I2C1_ER_IRQHandler
                0x0000000008000554                FMC_IRQHandler
                0x0000000008000554                DMA2_Stream6_IRQHandler
                0x0000000008000554                SAI1_IRQHandler
                0x0000000008000554                DMA1_Stream3_IRQHandler
 *fill*         0x0000000008000556        0x2 
 .text.DAC_Init
                0x0000000008000558       0x10 ./Application/User/dac_ui.o
                0x0000000008000558                DAC_Init
 .text.DAC_Exec
                0x0000000008000568       0x3c ./Application/User/dac_ui.o
                0x0000000008000568                DAC_Exec
 *fill*         0x00000000080005a4        0x4 
 .text.SystemClock_Config
                0x00000000080005a8       0xb8 ./Application/User/main.o
                0x00000000080005a8                SystemClock_Config
 .text.startup.main
                0x0000000008000660      0x42c ./Application/User/main.o
                0x0000000008000660                main
 .text.MC_StartMotor1
                0x0000000008000a8c        0xc ./Application/User/mc_api.o
                0x0000000008000a8c                MC_StartMotor1
 .text.MC_StopMotor1
                0x0000000008000a98        0xc ./Application/User/mc_api.o
                0x0000000008000a98                MC_StopMotor1
 .text.MC_GetSTMStateMotor1
                0x0000000008000aa4        0xc ./Application/User/mc_api.o
                0x0000000008000aa4                MC_GetSTMStateMotor1
 .text.MCI_Init
                0x0000000008000ab0       0x1c ./Application/User/mc_interface.o
                0x0000000008000ab0                MCI_Init
 .text.MCI_ExecSpeedRamp
                0x0000000008000acc       0x14 ./Application/User/mc_interface.o
                0x0000000008000acc                MCI_ExecSpeedRamp
 .text.MCI_ExecTorqueRamp
                0x0000000008000ae0       0x14 ./Application/User/mc_interface.o
                0x0000000008000ae0                MCI_ExecTorqueRamp
 .text.MCI_SetCurrentReferences
                0x0000000008000af4       0x14 ./Application/User/mc_interface.o
                0x0000000008000af4                MCI_SetCurrentReferences
 .text.MCI_StartMotor
                0x0000000008000b08       0x14 ./Application/User/mc_interface.o
                0x0000000008000b08                MCI_StartMotor
 .text.MCI_StopMotor
                0x0000000008000b1c        0x8 ./Application/User/mc_interface.o
                0x0000000008000b1c                MCI_StopMotor
 .text.MCI_FaultAcknowledged
                0x0000000008000b24        0x8 ./Application/User/mc_interface.o
                0x0000000008000b24                MCI_FaultAcknowledged
 .text.MCI_EncoderAlign
                0x0000000008000b2c        0x8 ./Application/User/mc_interface.o
                0x0000000008000b2c                MCI_EncoderAlign
 .text.MCI_ExecBufferedCommands
                0x0000000008000b34       0x78 ./Application/User/mc_interface.o
                0x0000000008000b34                MCI_ExecBufferedCommands
 .text.MCI_GetSTMState
                0x0000000008000bac        0x8 ./Application/User/mc_interface.o
                0x0000000008000bac                MCI_GetSTMState
 .text.MCI_GetControlMode
                0x0000000008000bb4        0x4 ./Application/User/mc_interface.o
                0x0000000008000bb4                MCI_GetControlMode
 .text.MCI_GetImposedMotorDirection
                0x0000000008000bb8       0x44 ./Application/User/mc_interface.o
                0x0000000008000bb8                MCI_GetImposedMotorDirection
 .text.MCI_GetLastRampFinalSpeed
                0x0000000008000bfc       0x10 ./Application/User/mc_interface.o
                0x0000000008000bfc                MCI_GetLastRampFinalSpeed
 .text.MCI_StopRamp
                0x0000000008000c0c        0x8 ./Application/User/mc_interface.o
                0x0000000008000c0c                MCI_StopRamp
 .text.MCI_GetAvrgMecSpeedUnit
                0x0000000008000c14       0x10 ./Application/User/mc_interface.o
                0x0000000008000c14                MCI_GetAvrgMecSpeedUnit
 .text.MCI_GetMecSpeedRefUnit
                0x0000000008000c24        0x8 ./Application/User/mc_interface.o
                0x0000000008000c24                MCI_GetMecSpeedRefUnit
 .text.MCI_GetIab
                0x0000000008000c2c       0x1c ./Application/User/mc_interface.o
                0x0000000008000c2c                MCI_GetIab
 .text.MCI_GetIalphabeta
                0x0000000008000c48       0x1c ./Application/User/mc_interface.o
                0x0000000008000c48                MCI_GetIalphabeta
 .text.MCI_GetIqd
                0x0000000008000c64       0x1c ./Application/User/mc_interface.o
                0x0000000008000c64                MCI_GetIqd
 .text.MCI_GetIqdref
                0x0000000008000c80       0x1c ./Application/User/mc_interface.o
                0x0000000008000c80                MCI_GetIqdref
 .text.MCI_GetVqd
                0x0000000008000c9c       0x1c ./Application/User/mc_interface.o
                0x0000000008000c9c                MCI_GetVqd
 .text.MCI_GetValphabeta
                0x0000000008000cb8       0x1c ./Application/User/mc_interface.o
                0x0000000008000cb8                MCI_GetValphabeta
 .text.MCI_GetTeref
                0x0000000008000cd4        0x8 ./Application/User/mc_interface.o
                0x0000000008000cd4                MCI_GetTeref
 .text.MCI_SetIdref
                0x0000000008000cdc       0x14 ./Application/User/mc_interface.o
                0x0000000008000cdc                MCI_SetIdref
 .text.MCI_Clear_Iqdref
                0x0000000008000cf0       0x14 ./Application/User/mc_interface.o
                0x0000000008000cf0                MCI_Clear_Iqdref
 .text.MCM_Clarke
                0x0000000008000d04       0x54 ./Application/User/mc_math.o
                0x0000000008000d04                MCM_Clarke
 .text.MCM_Trig_Functions
                0x0000000008000d58       0x98 ./Application/User/mc_math.o
                0x0000000008000d58                MCM_Trig_Functions
 .text.MCM_Park
                0x0000000008000df0       0x84 ./Application/User/mc_math.o
                0x0000000008000df0                MCM_Park
 .text.MCM_Rev_Park
                0x0000000008000e74       0x40 ./Application/User/mc_math.o
                0x0000000008000e74                MCM_Rev_Park
 .text.FOC_Clear
                0x0000000008000eb4       0x74 ./Application/User/mc_tasks.o
                0x0000000008000eb4                FOC_Clear
 .text.MCboot   0x0000000008000f28      0x208 ./Application/User/mc_tasks.o
                0x0000000008000f28                MCboot
 .text.FOC_InitAdditionalMethods
                0x0000000008001130        0x4 ./Application/User/mc_tasks.o
                0x0000000008001130                FOC_InitAdditionalMethods
 .text.FOC_CalcCurrRef
                0x0000000008001134       0x2c ./Application/User/mc_tasks.o
                0x0000000008001134                FOC_CalcCurrRef
 .text.TSK_SetChargeBootCapDelayM1
                0x0000000008001160        0xc ./Application/User/mc_tasks.o
                0x0000000008001160                TSK_SetChargeBootCapDelayM1
 .text.TSK_ChargeBootCapDelayHasElapsedM1
                0x000000000800116c       0x14 ./Application/User/mc_tasks.o
                0x000000000800116c                TSK_ChargeBootCapDelayHasElapsedM1
 .text.TSK_SetStopPermanencyTimeM1
                0x0000000008001180        0xc ./Application/User/mc_tasks.o
                0x0000000008001180                TSK_SetStopPermanencyTimeM1
 .text.TSK_StopPermanencyTimeHasElapsedM1
                0x000000000800118c       0x14 ./Application/User/mc_tasks.o
                0x000000000800118c                TSK_StopPermanencyTimeHasElapsedM1
 .text.TSK_MediumFrequencyTaskM1
                0x00000000080011a0      0x2ac ./Application/User/mc_tasks.o
                0x00000000080011a0                TSK_MediumFrequencyTaskM1
 .text.MC_Scheduler
                0x000000000800144c       0x58 ./Application/User/mc_tasks.o
                0x000000000800144c                MC_Scheduler
 .text.TSK_HighFrequencyTask
                0x00000000080014a4      0x17c ./Application/User/mc_tasks.o
                0x00000000080014a4                TSK_HighFrequencyTask
 .text.TSK_SafetyTask_PWMOFF
                0x0000000008001620       0x98 ./Application/User/mc_tasks.o
                0x0000000008001620                TSK_SafetyTask_PWMOFF
 .text.TSK_SafetyTask
                0x00000000080016b8       0x20 ./Application/User/mc_tasks.o
                0x00000000080016b8                TSK_SafetyTask
 .text.MC_RunMotorControlTasks
                0x00000000080016d8       0x20 ./Application/User/mc_tasks.o
                0x00000000080016d8                MC_RunMotorControlTasks
 .text.TSK_HardwareFaultTask
                0x00000000080016f8       0x20 ./Application/User/mc_tasks.o
                0x00000000080016f8                TSK_HardwareFaultTask
 .text.mc_lock_pins
                0x0000000008001718       0xf0 ./Application/User/mc_tasks.o
                0x0000000008001718                mc_lock_pins
 .text.MCP_ReceivedFrame
                0x0000000008001808      0x6dc ./Application/User/motor_control_protocol.o
                0x0000000008001808                MCP_ReceivedFrame
 .text.MCP_WaitNextFrame
                0x0000000008001ee4       0x1c ./Application/User/motor_control_protocol.o
                0x0000000008001ee4                MCP_WaitNextFrame
 .text.MCP_Init
                0x0000000008001f00       0x48 ./Application/User/motor_control_protocol.o
                0x0000000008001f00                MCP_Init
 .text.MCP_OnTimeOut
                0x0000000008001f48        0x8 ./Application/User/motor_control_protocol.o
                0x0000000008001f48                MCP_OnTimeOut
 .text.MCP_SentFrame
                0x0000000008001f50        0x8 ./Application/User/motor_control_protocol.o
                0x0000000008001f50                MCP_SentFrame
 .text.MX_MotorControl_Init
                0x0000000008001f58       0x4c ./Application/User/motorcontrol.o
                0x0000000008001f58                MX_MotorControl_Init
 .text.RCM_RegisterRegConv
                0x0000000008001fa4      0x1b8 ./Application/User/regular_conversion_manager.o
                0x0000000008001fa4                RCM_RegisterRegConv
 .text.RCM_ExecRegularConv
                0x000000000800215c       0x74 ./Application/User/regular_conversion_manager.o
                0x000000000800215c                RCM_ExecRegularConv
 .text.RCM_ExecUserConv
                0x00000000080021d0       0x50 ./Application/User/regular_conversion_manager.o
                0x00000000080021d0                RCM_ExecUserConv
 .text.HAL_MspInit
                0x0000000008002220       0x3c ./Application/User/stm32f4xx_hal_msp.o
                0x0000000008002220                HAL_MspInit
 .text.HAL_ADC_MspInit
                0x000000000800225c       0xec ./Application/User/stm32f4xx_hal_msp.o
                0x000000000800225c                HAL_ADC_MspInit
 .text.HAL_DAC_MspInit
                0x0000000008002348       0x70 ./Application/User/stm32f4xx_hal_msp.o
                0x0000000008002348                HAL_DAC_MspInit
 .text.HAL_TIM_Base_MspInit
                0x00000000080023b8       0x70 ./Application/User/stm32f4xx_hal_msp.o
                0x00000000080023b8                HAL_TIM_Base_MspInit
 .text.HAL_TIM_MspPostInit
                0x0000000008002428       0x68 ./Application/User/stm32f4xx_hal_msp.o
                0x0000000008002428                HAL_TIM_MspPostInit
 .text.HAL_UART_MspInit
                0x0000000008002490       0x78 ./Application/User/stm32f4xx_hal_msp.o
                0x0000000008002490                HAL_UART_MspInit
 .text.ADC_IRQHandler
                0x0000000008002508       0x3c ./Application/User/stm32f4xx_mc_it.o
                0x0000000008002508                ADC_IRQHandler
 .text.TIM1_UP_TIM10_IRQHandler
                0x0000000008002544       0x14 ./Application/User/stm32f4xx_mc_it.o
                0x0000000008002544                TIM1_UP_TIM10_IRQHandler
 .text.TIM1_BRK_TIM9_IRQHandler
                0x0000000008002558       0x24 ./Application/User/stm32f4xx_mc_it.o
                0x0000000008002558                TIM1_BRK_TIM9_IRQHandler
 .text.USART2_IRQHandler
                0x000000000800257c       0x84 ./Application/User/stm32f4xx_mc_it.o
                0x000000000800257c                USART2_IRQHandler
 .text.HardFault_Handler
                0x0000000008002600       0x7c ./Application/User/stm32f4xx_mc_it.o
                0x0000000008002600                HardFault_Handler
 .text.SysTick_Handler
                0x000000000800267c       0x30 ./Application/User/stm32f4xx_mc_it.o
                0x000000000800267c                SysTick_Handler
 .text.EXTI15_10_IRQHandler
                0x00000000080026ac       0x18 ./Application/User/stm32f4xx_mc_it.o
                0x00000000080026ac                EXTI15_10_IRQHandler
 .text.UI_TaskInit
                0x00000000080026c4       0xe0 ./Application/User/ui_task.o
                0x00000000080026c4                UI_TaskInit
 .text.UI_Scheduler
                0x00000000080027a4       0x44 ./Application/User/ui_task.o
                0x00000000080027a4                UI_Scheduler
 .text.UI_DACUpdate
                0x00000000080027e8       0x20 ./Application/User/ui_task.o
                0x00000000080027e8                UI_DACUpdate
 .text.UI_SerialCommunicationTimeOutStop
                0x0000000008002808        0xc ./Application/User/ui_task.o
                0x0000000008002808                UI_SerialCommunicationTimeOutStop
 .text.UI_SerialCommunicationTimeOutStart
                0x0000000008002814        0xc ./Application/User/ui_task.o
                0x0000000008002814                UI_SerialCommunicationTimeOutStart
 .text.UI_HandleStartStopButton_cb
                0x0000000008002820       0x18 ./Application/User/ui_task.o
                0x0000000008002820                UI_HandleStartStopButton_cb
 .text.UI_Init  0x0000000008002838       0x14 ./Application/User/user_interface.o
                0x0000000008002838                UI_Init
 .text.UI_SelectMC
                0x000000000800284c       0x10 ./Application/User/user_interface.o
                0x000000000800284c                UI_SelectMC
 .text.UI_GetSelectedMC
                0x000000000800285c        0x8 ./Application/User/user_interface.o
                0x000000000800285c                UI_GetSelectedMC
 .text.UI_SetReg
                0x0000000008002864      0x2e0 ./Application/User/user_interface.o
                0x0000000008002864                UI_SetReg
 .text.UI_ExecCmd
                0x0000000008002b44       0x7c ./Application/User/user_interface.o
                0x0000000008002b44                UI_ExecCmd
 .text.UI_ExecSpeedRamp
                0x0000000008002bc0       0x24 ./Application/User/user_interface.o
                0x0000000008002bc0                UI_ExecSpeedRamp
 .text.UI_ExecTorqueRamp
                0x0000000008002be4       0x14 ./Application/User/user_interface.o
                0x0000000008002be4                UI_ExecTorqueRamp
 .text.UI_GetRevupData
                0x0000000008002bf8       0x3c ./Application/User/user_interface.o
                0x0000000008002bf8                UI_GetRevupData
 .text.UI_SetRevupData
                0x0000000008002c34       0x38 ./Application/User/user_interface.o
                0x0000000008002c34                UI_SetRevupData
 .text.UI_SetCurrentReferences
                0x0000000008002c6c       0x1c ./Application/User/user_interface.o
                0x0000000008002c6c                UI_SetCurrentReferences
 .text.UI_GetMPInfo
                0x0000000008002c88        0x4 ./Application/User/user_interface.o
                0x0000000008002c88                UI_GetMPInfo
 .text.UI_DACInit
                0x0000000008002c8c        0x8 ./Application/User/user_interface.o
                0x0000000008002c8c                UI_DACInit
 .text.UI_DACExec
                0x0000000008002c94        0x8 ./Application/User/user_interface.o
                0x0000000008002c94                UI_DACExec
 .text.UI_SetDAC
                0x0000000008002c9c        0x8 ./Application/User/user_interface.o
                0x0000000008002c9c                UI_SetDAC
 .text.UI_GetDAC
                0x0000000008002ca4        0xc ./Application/User/user_interface.o
                0x0000000008002ca4                UI_GetDAC
 .text.UI_GetReg
                0x0000000008002cb0      0x624 ./Application/User/user_interface.o
                0x0000000008002cb0                UI_GetReg
 .text.SystemInit
                0x00000000080032d4       0x14 ./Drivers/CMSIS/system_stm32f4xx.o
                0x00000000080032d4                SystemInit
 .text.HAL_InitTick
                0x00000000080032e8       0x48 ./Drivers/STM32F4xx_HAL_Driver/stm32f4xx_hal.o
                0x00000000080032e8                HAL_InitTick
 .text.HAL_Init
                0x0000000008003330       0x34 ./Drivers/STM32F4xx_HAL_Driver/stm32f4xx_hal.o
                0x0000000008003330                HAL_Init
 .text.HAL_IncTick
                0x0000000008003364       0x18 ./Drivers/STM32F4xx_HAL_Driver/stm32f4xx_hal.o
                0x0000000008003364                HAL_IncTick
 .text.HAL_GetTick
                0x000000000800337c        0xc ./Drivers/STM32F4xx_HAL_Driver/stm32f4xx_hal.o
                0x000000000800337c                HAL_GetTick
 .text.HAL_ADC_Init
                0x0000000008003388      0x158 ./Drivers/STM32F4xx_HAL_Driver/stm32f4xx_hal_adc.o
                0x0000000008003388                HAL_ADC_Init
 .text.HAL_ADC_ConfigChannel
                0x00000000080034e0      0x178 ./Drivers/STM32F4xx_HAL_Driver/stm32f4xx_hal_adc.o
                0x00000000080034e0                HAL_ADC_ConfigChannel
 .text.HAL_ADCEx_InjectedConfigChannel
                0x0000000008003658      0x1ac ./Drivers/STM32F4xx_HAL_Driver/stm32f4xx_hal_adc_ex.o
                0x0000000008003658                HAL_ADCEx_InjectedConfigChannel
 .text.HAL_NVIC_SetPriorityGrouping
                0x0000000008003804       0x24 ./Drivers/STM32F4xx_HAL_Driver/stm32f4xx_hal_cortex.o
                0x0000000008003804                HAL_NVIC_SetPriorityGrouping
 .text.HAL_NVIC_SetPriority
                0x0000000008003828       0x7c ./Drivers/STM32F4xx_HAL_Driver/stm32f4xx_hal_cortex.o
                0x0000000008003828                HAL_NVIC_SetPriority
 .text.HAL_NVIC_EnableIRQ
                0x00000000080038a4       0x1c ./Drivers/STM32F4xx_HAL_Driver/stm32f4xx_hal_cortex.o
                0x00000000080038a4                HAL_NVIC_EnableIRQ
 .text.HAL_SYSTICK_Config
                0x00000000080038c0       0x34 ./Drivers/STM32F4xx_HAL_Driver/stm32f4xx_hal_cortex.o
                0x00000000080038c0                HAL_SYSTICK_Config
 .text.HAL_SYSTICK_Callback
                0x00000000080038f4        0x4 ./Drivers/STM32F4xx_HAL_Driver/stm32f4xx_hal_cortex.o
                0x00000000080038f4                HAL_SYSTICK_Callback
 .text.HAL_SYSTICK_IRQHandler
                0x00000000080038f8        0x8 ./Drivers/STM32F4xx_HAL_Driver/stm32f4xx_hal_cortex.o
                0x00000000080038f8                HAL_SYSTICK_IRQHandler
 .text.HAL_DAC_Init
                0x0000000008003900       0x2c ./Drivers/STM32F4xx_HAL_Driver/stm32f4xx_hal_dac.o
                0x0000000008003900                HAL_DAC_Init
 .text.HAL_DAC_ConfigChannel
                0x000000000800392c       0x4c ./Drivers/STM32F4xx_HAL_Driver/stm32f4xx_hal_dac.o
                0x000000000800392c                HAL_DAC_ConfigChannel
 .text.HAL_GPIO_Init
                0x0000000008003978      0x228 ./Drivers/STM32F4xx_HAL_Driver/stm32f4xx_hal_gpio.o
                0x0000000008003978                HAL_GPIO_Init
 .text.HAL_GPIO_WritePin
                0x0000000008003ba0        0x8 ./Drivers/STM32F4xx_HAL_Driver/stm32f4xx_hal_gpio.o
                0x0000000008003ba0                HAL_GPIO_WritePin
 .text.HAL_PWREx_EnableOverDrive
                0x0000000008003ba8       0x78 ./Drivers/STM32F4xx_HAL_Driver/stm32f4xx_hal_pwr_ex.o
                0x0000000008003ba8                HAL_PWREx_EnableOverDrive
 .text.HAL_RCC_ClockConfig
                0x0000000008003c20      0x13c ./Drivers/STM32F4xx_HAL_Driver/stm32f4xx_hal_rcc.o
                0x0000000008003c20                HAL_RCC_ClockConfig
 .text.HAL_RCC_GetHCLKFreq
                0x0000000008003d5c        0xc ./Drivers/STM32F4xx_HAL_Driver/stm32f4xx_hal_rcc.o
                0x0000000008003d5c                HAL_RCC_GetHCLKFreq
 .text.HAL_RCC_GetPCLK1Freq
                0x0000000008003d68       0x20 ./Drivers/STM32F4xx_HAL_Driver/stm32f4xx_hal_rcc.o
                0x0000000008003d68                HAL_RCC_GetPCLK1Freq
 .text.HAL_RCC_GetPCLK2Freq
                0x0000000008003d88       0x20 ./Drivers/STM32F4xx_HAL_Driver/stm32f4xx_hal_rcc.o
                0x0000000008003d88                HAL_RCC_GetPCLK2Freq
 .text.HAL_RCC_GetSysClockFreq
                0x0000000008003da8       0xac ./Drivers/STM32F4xx_HAL_Driver/stm32f4xx_hal_rcc_ex.o
                0x0000000008003da8                HAL_RCC_GetSysClockFreq
 .text.HAL_RCC_OscConfig
                0x0000000008003e54      0x40c ./Drivers/STM32F4xx_HAL_Driver/stm32f4xx_hal_rcc_ex.o
                0x0000000008003e54                HAL_RCC_OscConfig
 .text.HAL_TIM_Base_Init
                0x0000000008004260      0x11c ./Drivers/STM32F4xx_HAL_Driver/stm32f4xx_hal_tim.o
                0x0000000008004260                HAL_TIM_Base_Init
 .text.HAL_TIM_PWM_MspInit
                0x000000000800437c        0x4 ./Drivers/STM32F4xx_HAL_Driver/stm32f4xx_hal_tim.o
                0x000000000800437c                HAL_TIM_PWM_MspInit
 .text.HAL_TIM_PWM_Init
                0x0000000008004380      0x11c ./Drivers/STM32F4xx_HAL_Driver/stm32f4xx_hal_tim.o
                0x0000000008004380                HAL_TIM_PWM_Init
 .text.HAL_TIM_PWM_ConfigChannel
                0x000000000800449c      0x220 ./Drivers/STM32F4xx_HAL_Driver/stm32f4xx_hal_tim.o
                0x000000000800449c                HAL_TIM_PWM_ConfigChannel
 .text.HAL_TIM_SlaveConfigSynchro
                0x00000000080046bc       0xf4 ./Drivers/STM32F4xx_HAL_Driver/stm32f4xx_hal_tim.o
                0x00000000080046bc                HAL_TIM_SlaveConfigSynchro
 .text.HAL_TIMEx_MasterConfigSynchronization
                0x00000000080047b0       0x80 ./Drivers/STM32F4xx_HAL_Driver/stm32f4xx_hal_tim_ex.o
                0x00000000080047b0                HAL_TIMEx_MasterConfigSynchronization
 .text.HAL_TIMEx_ConfigBreakDeadTime
                0x0000000008004830       0x54 ./Drivers/STM32F4xx_HAL_Driver/stm32f4xx_hal_tim_ex.o
                0x0000000008004830                HAL_TIMEx_ConfigBreakDeadTime
 .text.HAL_UART_Init
                0x0000000008004884      0x134 ./Drivers/STM32F4xx_HAL_Driver/stm32f4xx_hal_uart.o
                0x0000000008004884                HAL_UART_Init
 .text.VBS_GetAvBusVoltage_d
                0x00000000080049b8        0x4 ./Middlewares/MotorControl/bus_voltage_sensor.o
                0x00000000080049b8                VBS_GetAvBusVoltage_d
 .text.VBS_GetAvBusVoltage_V
                0x00000000080049bc        0xc ./Middlewares/MotorControl/bus_voltage_sensor.o
                0x00000000080049bc                VBS_GetAvBusVoltage_V
 .text.Circle_Limitation
                0x00000000080049c8       0x70 ./Middlewares/MotorControl/circle_limitation.o
                0x00000000080049c8                Circle_Limitation
 .text.DAC_SetChannelConfig
                0x0000000008004a38        0x8 ./Middlewares/MotorControl/dac_common_ui.o
                0x0000000008004a38                DAC_SetChannelConfig
 .text.DAC_GetChannelConfig
                0x0000000008004a40        0x8 ./Middlewares/MotorControl/dac_common_ui.o
                0x0000000008004a40                DAC_GetChannelConfig
 .text.DAC_SetUserChannelValue
                0x0000000008004a48        0x8 ./Middlewares/MotorControl/dac_common_ui.o
                0x0000000008004a48                DAC_SetUserChannelValue
 .text.DAC_GetUserChannelValue
                0x0000000008004a50        0xc ./Middlewares/MotorControl/dac_common_ui.o
                0x0000000008004a50                DAC_GetUserChannelValue
 .text.FCP_Init
                0x0000000008004a5c       0x18 ./Middlewares/MotorControl/frame_communication_protocol.o
                0x0000000008004a5c                FCP_Init
 .text.FCP_SetClient
                0x0000000008004a74       0x10 ./Middlewares/MotorControl/frame_communication_protocol.o
                0x0000000008004a74                FCP_SetClient
 .text.FCP_CalcCRC
                0x0000000008004a84       0x2c ./Middlewares/MotorControl/frame_communication_protocol.o
                0x0000000008004a84                FCP_CalcCRC
 .text.MPM_Clear
                0x0000000008004ab0       0x18 ./Middlewares/MotorControl/motor_power_measurement.o
                0x0000000008004ab0                MPM_Clear
 .text.MPM_CalcElMotorPower
                0x0000000008004ac8       0x44 ./Middlewares/MotorControl/motor_power_measurement.o
                0x0000000008004ac8                MPM_CalcElMotorPower
 .text.MPM_GetAvrgElMotorPowerW
                0x0000000008004b0c        0x8 ./Middlewares/MotorControl/motor_power_measurement.o
                0x0000000008004b0c                MPM_GetAvrgElMotorPowerW
 .text.NTC_SetFaultState
                0x0000000008004b14       0x1c ./Middlewares/MotorControl/ntc_temperature_sensor.o
                0x0000000008004b14                NTC_SetFaultState
 .text.NTC_Clear
                0x0000000008004b30        0x8 ./Middlewares/MotorControl/ntc_temperature_sensor.o
                0x0000000008004b30                NTC_Clear
 .text.NTC_Init
                0x0000000008004b38       0x24 ./Middlewares/MotorControl/ntc_temperature_sensor.o
                0x0000000008004b38                NTC_Init
 .text.NTC_CalcAvTemp
                0x0000000008004b5c       0x38 ./Middlewares/MotorControl/ntc_temperature_sensor.o
                0x0000000008004b5c                NTC_CalcAvTemp
 .text.NTC_GetAvTemp_C
                0x0000000008004b94       0x2c ./Middlewares/MotorControl/ntc_temperature_sensor.o
                0x0000000008004b94                NTC_GetAvTemp_C
 .text.PID_HandleInit
                0x0000000008004bc0       0x10 ./Middlewares/MotorControl/pid_regulator.o
                0x0000000008004bc0                PID_HandleInit
 .text.PID_SetKP
                0x0000000008004bd0        0x4 ./Middlewares/MotorControl/pid_regulator.o
                0x0000000008004bd0                PID_SetKP
 .text.PID_SetKI
                0x0000000008004bd4        0x4 ./Middlewares/MotorControl/pid_regulator.o
                0x0000000008004bd4                PID_SetKI
 .text.PID_GetKP
                0x0000000008004bd8        0x8 ./Middlewares/MotorControl/pid_regulator.o
                0x0000000008004bd8                PID_GetKP
 .text.PID_GetKI
                0x0000000008004be0        0x8 ./Middlewares/MotorControl/pid_regulator.o
                0x0000000008004be0                PID_GetKI
 .text.PID_SetIntegralTerm
                0x0000000008004be8        0x4 ./Middlewares/MotorControl/pid_regulator.o
                0x0000000008004be8                PID_SetIntegralTerm
 .text.PID_GetKPDivisor
                0x0000000008004bec        0x4 ./Middlewares/MotorControl/pid_regulator.o
                0x0000000008004bec                PID_GetKPDivisor
 .text.PID_GetKIDivisor
                0x0000000008004bf0        0x4 ./Middlewares/MotorControl/pid_regulator.o
                0x0000000008004bf0                PID_GetKIDivisor
 .text.PID_SetKD
                0x0000000008004bf4        0x4 ./Middlewares/MotorControl/pid_regulator.o
                0x0000000008004bf4                PID_SetKD
 .text.PID_GetKD
                0x0000000008004bf8        0x8 ./Middlewares/MotorControl/pid_regulator.o
                0x0000000008004bf8                PID_GetKD
 .text.PI_Controller
                0x0000000008004c00       0x88 ./Middlewares/MotorControl/pid_regulator.o
                0x0000000008004c00                PI_Controller
 .text.PQD_CalcElMotorPower
                0x0000000008004c88       0x6c ./Middlewares/MotorControl/pqd_motor_power_measurement.o
                0x0000000008004c88                PQD_CalcElMotorPower
 .text.startTimers
                0x0000000008004cf4       0x64 ./Middlewares/MotorControl/pwm_common.o
                0x0000000008004cf4                startTimers
 .text.waitForPolarizationEnd
                0x0000000008004d58       0x50 ./Middlewares/MotorControl/pwm_common.o
                0x0000000008004d58                waitForPolarizationEnd
 .text.PWMC_GetPhaseCurrents
                0x0000000008004da8        0x4 ./Middlewares/MotorControl/pwm_curr_fdbk.o
                0x0000000008004da8                PWMC_GetPhaseCurrents
 .text.PWMC_SetPhaseVoltage
                0x0000000008004dac      0x264 ./Middlewares/MotorControl/pwm_curr_fdbk.o
                0x0000000008004dac                PWMC_SetPhaseVoltage
 .text.PWMC_SwitchOffPWM
                0x0000000008005010        0x4 ./Middlewares/MotorControl/pwm_curr_fdbk.o
                0x0000000008005010                PWMC_SwitchOffPWM
 .text.PWMC_CurrentReadingCalibr
                0x0000000008005014       0x54 ./Middlewares/MotorControl/pwm_curr_fdbk.o
                0x0000000008005014                PWMC_CurrentReadingCalibr
 .text.PWMC_CheckOverCurrent
                0x0000000008005068        0x4 ./Middlewares/MotorControl/pwm_curr_fdbk.o
                0x0000000008005068                PWMC_CheckOverCurrent
 .text.R3_2_GetPhaseCurrents
                0x000000000800506c      0x164 ./Middlewares/MotorControl/r3_2_f4xx_pwm_curr_fdbk.o
                0x000000000800506c                R3_2_GetPhaseCurrents
 .text.R3_2_HFCurrentsCalibrationAB
                0x00000000080051d0       0x48 ./Middlewares/MotorControl/r3_2_f4xx_pwm_curr_fdbk.o
                0x00000000080051d0                R3_2_HFCurrentsCalibrationAB
 .text.R3_2_HFCurrentsCalibrationC
                0x0000000008005218       0x40 ./Middlewares/MotorControl/r3_2_f4xx_pwm_curr_fdbk.o
                0x0000000008005218                R3_2_HFCurrentsCalibrationC
 .text.R3_2_TurnOnLowSides
                0x0000000008005258       0x54 ./Middlewares/MotorControl/r3_2_f4xx_pwm_curr_fdbk.o
                0x0000000008005258                R3_2_TurnOnLowSides
 .text.R3_2_SwitchOnPWM
                0x00000000080052ac       0x94 ./Middlewares/MotorControl/r3_2_f4xx_pwm_curr_fdbk.o
                0x00000000080052ac                R3_2_SwitchOnPWM
 .text.R3_2_SwitchOffPWM
                0x0000000008005340       0x68 ./Middlewares/MotorControl/r3_2_f4xx_pwm_curr_fdbk.o
                0x0000000008005340                R3_2_SwitchOffPWM
 .text.R3_2_SetADCSampPointCalibration
                0x00000000080053a8       0x44 ./Middlewares/MotorControl/r3_2_f4xx_pwm_curr_fdbk.o
                0x00000000080053a8                R3_2_SetADCSampPointCalibration
 .text.R3_2_SetADCSampPointSectX
                0x00000000080053ec       0x7c ./Middlewares/MotorControl/r3_2_f4xx_pwm_curr_fdbk.o
                0x00000000080053ec                R3_2_SetADCSampPointSectX
 .text.R3_2_RLGetPhaseCurrents
                0x0000000008005468       0x54 ./Middlewares/MotorControl/r3_2_f4xx_pwm_curr_fdbk.o
 .text.R3_2_RLTurnOnLowSides
                0x00000000080054bc       0x48 ./Middlewares/MotorControl/r3_2_f4xx_pwm_curr_fdbk.o
 .text.R3_2_RLSwitchOnPWM
                0x0000000008005504       0x94 ./Middlewares/MotorControl/r3_2_f4xx_pwm_curr_fdbk.o
 .text.R3_2_Init
                0x0000000008005598       0xe4 ./Middlewares/MotorControl/r3_2_f4xx_pwm_curr_fdbk.o
                0x0000000008005598                R3_2_Init
 .text.R3_2_CurrentReadingCalibration
                0x000000000800567c      0x100 ./Middlewares/MotorControl/r3_2_f4xx_pwm_curr_fdbk.o
                0x000000000800567c                R3_2_CurrentReadingCalibration
 .text.R3_2_TIMx_UP_IRQHandler
                0x000000000800577c       0xb8 ./Middlewares/MotorControl/r3_2_f4xx_pwm_curr_fdbk.o
                0x000000000800577c                R3_2_TIMx_UP_IRQHandler
 .text.R3_2_BRK_IRQHandler
                0x0000000008005834       0x3c ./Middlewares/MotorControl/r3_2_f4xx_pwm_curr_fdbk.o
                0x0000000008005834                R3_2_BRK_IRQHandler
 .text.R3_2_IsOverCurrentOccurred
                0x0000000008005870       0x14 ./Middlewares/MotorControl/r3_2_f4xx_pwm_curr_fdbk.o
                0x0000000008005870                R3_2_IsOverCurrentOccurred
 .text.R3_2_RLDetectionModeEnable
                0x0000000008005884       0xbc ./Middlewares/MotorControl/r3_2_f4xx_pwm_curr_fdbk.o
                0x0000000008005884                R3_2_RLDetectionModeEnable
 .text.R3_2_RLDetectionModeDisable
                0x0000000008005940      0x128 ./Middlewares/MotorControl/r3_2_f4xx_pwm_curr_fdbk.o
                0x0000000008005940                R3_2_RLDetectionModeDisable
 .text.R3_2_RLDetectionModeSetDuty
                0x0000000008005a68       0x30 ./Middlewares/MotorControl/r3_2_f4xx_pwm_curr_fdbk.o
                0x0000000008005a68                R3_2_RLDetectionModeSetDuty
 .text.RVBS_Clear
                0x0000000008005a98       0x3c ./Middlewares/MotorControl/r_divider_bus_voltage_sensor.o
                0x0000000008005a98                RVBS_Clear
 .text.RVBS_Init
                0x0000000008005ad4       0x18 ./Middlewares/MotorControl/r_divider_bus_voltage_sensor.o
                0x0000000008005ad4                RVBS_Init
 .text.RVBS_CheckFaultState
                0x0000000008005aec       0x1c ./Middlewares/MotorControl/r_divider_bus_voltage_sensor.o
                0x0000000008005aec                RVBS_CheckFaultState
 .text.RVBS_CalcAvVbus
                0x0000000008005b08       0x6c ./Middlewares/MotorControl/r_divider_bus_voltage_sensor.o
                0x0000000008005b08                RVBS_CalcAvVbus
 .text.REMNG_Init
                0x0000000008005b74       0x10 ./Middlewares/MotorControl/ramp_ext_mngr.o
                0x0000000008005b74                REMNG_Init
 .text.REMNG_Calc
                0x0000000008005b84       0x44 ./Middlewares/MotorControl/ramp_ext_mngr.o
                0x0000000008005b84                REMNG_Calc
 .text.REMNG_RampCompleted
                0x0000000008005bc8        0xc ./Middlewares/MotorControl/ramp_ext_mngr.o
                0x0000000008005bc8                REMNG_RampCompleted
 .text.getScalingFactor
                0x0000000008005bd4       0x2c ./Middlewares/MotorControl/ramp_ext_mngr.o
                0x0000000008005bd4                getScalingFactor
 .text.REMNG_ExecRamp
                0x0000000008005c00       0x88 ./Middlewares/MotorControl/ramp_ext_mngr.o
                0x0000000008005c00                REMNG_ExecRamp
 .text.RUC_Init
                0x0000000008005c88       0x7c ./Middlewares/MotorControl/revup_ctrl.o
                0x0000000008005c88                RUC_Init
 .text.RUC_Clear
                0x0000000008005d04       0x88 ./Middlewares/MotorControl/revup_ctrl.o
                0x0000000008005d04                RUC_Clear
 .text.RUC_Exec
                0x0000000008005d8c       0x6c ./Middlewares/MotorControl/revup_ctrl.o
                0x0000000008005d8c                RUC_Exec
 .text.RUC_FirstAccelerationStageReached
                0x0000000008005df8       0x14 ./Middlewares/MotorControl/revup_ctrl.o
                0x0000000008005df8                RUC_FirstAccelerationStageReached
 .text.RUC_SetPhaseDurationms
                0x0000000008005e0c        0xc ./Middlewares/MotorControl/revup_ctrl.o
                0x0000000008005e0c                RUC_SetPhaseDurationms
 .text.RUC_SetPhaseFinalMecSpeedUnit
                0x0000000008005e18        0xc ./Middlewares/MotorControl/revup_ctrl.o
                0x0000000008005e18                RUC_SetPhaseFinalMecSpeedUnit
 .text.RUC_SetPhaseFinalTorque
                0x0000000008005e24        0xc ./Middlewares/MotorControl/revup_ctrl.o
                0x0000000008005e24                RUC_SetPhaseFinalTorque
 .text.RUC_GetPhaseDurationms
                0x0000000008005e30        0xc ./Middlewares/MotorControl/revup_ctrl.o
                0x0000000008005e30                RUC_GetPhaseDurationms
 .text.RUC_GetPhaseFinalMecSpeedUnit
                0x0000000008005e3c       0x10 ./Middlewares/MotorControl/revup_ctrl.o
                0x0000000008005e3c                RUC_GetPhaseFinalMecSpeedUnit
 .text.RUC_GetPhaseFinalTorque
                0x0000000008005e4c       0x10 ./Middlewares/MotorControl/revup_ctrl.o
                0x0000000008005e4c                RUC_GetPhaseFinalTorque
 .text.RUC_GetNumberOfPhases
                0x0000000008005e5c        0x8 ./Middlewares/MotorControl/revup_ctrl.o
                0x0000000008005e5c                RUC_GetNumberOfPhases
 .text.SPD_GetElAngle
                0x0000000008005e64        0x8 ./Middlewares/MotorControl/speed_pos_fdbk.o
                0x0000000008005e64                SPD_GetElAngle
 .text.SPD_GetAvrgMecSpeedUnit
                0x0000000008005e6c        0x8 ./Middlewares/MotorControl/speed_pos_fdbk.o
                0x0000000008005e6c                SPD_GetAvrgMecSpeedUnit
 .text.SPD_GetInstElSpeedDpp
                0x0000000008005e74        0x8 ./Middlewares/MotorControl/speed_pos_fdbk.o
                0x0000000008005e74                SPD_GetInstElSpeedDpp
 .text.SPD_IsMecSpeedReliable
                0x0000000008005e7c       0x5c ./Middlewares/MotorControl/speed_pos_fdbk.o
                0x0000000008005e7c                SPD_IsMecSpeedReliable
 .text.SPD_GetS16Speed
                0x0000000008005ed8       0x14 ./Middlewares/MotorControl/speed_pos_fdbk.o
                0x0000000008005ed8                SPD_GetS16Speed
 .text.STC_Init
                0x0000000008005eec       0x2c ./Middlewares/MotorControl/speed_torq_ctrl.o
                0x0000000008005eec                STC_Init
 .text.STC_SetSpeedSensor
                0x0000000008005f18        0x4 ./Middlewares/MotorControl/speed_torq_ctrl.o
                0x0000000008005f18                STC_SetSpeedSensor
 .text.STC_GetSpeedSensor
                0x0000000008005f1c        0x4 ./Middlewares/MotorControl/speed_torq_ctrl.o
                0x0000000008005f1c                STC_GetSpeedSensor
 .text.STC_Clear
                0x0000000008005f20       0x10 ./Middlewares/MotorControl/speed_torq_ctrl.o
                0x0000000008005f20                STC_Clear
 .text.STC_GetMecSpeedRefUnit
                0x0000000008005f30       0x10 ./Middlewares/MotorControl/speed_torq_ctrl.o
                0x0000000008005f30                STC_GetMecSpeedRefUnit
 .text.STC_GetTorqueRef
                0x0000000008005f40       0x10 ./Middlewares/MotorControl/speed_torq_ctrl.o
                0x0000000008005f40                STC_GetTorqueRef
 .text.STC_SetControlMode
                0x0000000008005f50        0x8 ./Middlewares/MotorControl/speed_torq_ctrl.o
                0x0000000008005f50                STC_SetControlMode
 .text.STC_ExecRamp
                0x0000000008005f58       0x90 ./Middlewares/MotorControl/speed_torq_ctrl.o
                0x0000000008005f58                STC_ExecRamp
 .text.STC_StopRamp
                0x0000000008005fe8        0x8 ./Middlewares/MotorControl/speed_torq_ctrl.o
                0x0000000008005fe8                STC_StopRamp
 .text.STC_CalcTorqueReference
                0x0000000008005ff0       0x64 ./Middlewares/MotorControl/speed_torq_ctrl.o
                0x0000000008005ff0                STC_CalcTorqueReference
 .text.STC_GetMecSpeedRefUnitDefault
                0x0000000008006054        0x8 ./Middlewares/MotorControl/speed_torq_ctrl.o
                0x0000000008006054                STC_GetMecSpeedRefUnitDefault
 .text.STC_GetMaxAppPositiveMecSpeedUnit
                0x000000000800605c        0x4 ./Middlewares/MotorControl/speed_torq_ctrl.o
                0x000000000800605c                STC_GetMaxAppPositiveMecSpeedUnit
 .text.STC_GetMinAppNegativeMecSpeedUnit
                0x0000000008006060        0x8 ./Middlewares/MotorControl/speed_torq_ctrl.o
                0x0000000008006060                STC_GetMinAppNegativeMecSpeedUnit
 .text.STC_GetDefaultIqdref
                0x0000000008006068       0x1c ./Middlewares/MotorControl/speed_torq_ctrl.o
                0x0000000008006068                STC_GetDefaultIqdref
 .text.STC_ForceSpeedReferenceToCurrentSpeed
                0x0000000008006084       0x10 ./Middlewares/MotorControl/speed_torq_ctrl.o
                0x0000000008006084                STC_ForceSpeedReferenceToCurrentSpeed
 .text.STM_Init
                0x0000000008006094        0xc ./Middlewares/MotorControl/state_machine.o
                0x0000000008006094                STM_Init
 .text.STM_FaultProcessing
                0x00000000080060a0       0x44 ./Middlewares/MotorControl/state_machine.o
                0x00000000080060a0                STM_FaultProcessing
 .text.STM_NextState
                0x00000000080060e4       0xec ./Middlewares/MotorControl/state_machine.o
                0x00000000080060e4                STM_NextState
 .text.STM_GetState
                0x00000000080061d0        0x4 ./Middlewares/MotorControl/state_machine.o
                0x00000000080061d0                STM_GetState
 .text.STM_FaultAcknowledged
                0x00000000080061d4       0x18 ./Middlewares/MotorControl/state_machine.o
                0x00000000080061d4                STM_FaultAcknowledged
 .text.STM_GetFaultState
                0x00000000080061ec        0xc ./Middlewares/MotorControl/state_machine.o
                0x00000000080061ec                STM_GetFaultState
 .text.STO_PLL_CalcElAngle
                0x00000000080061f8      0x1c8 ./Middlewares/MotorControl/sto_pll_speed_pos_fdbk.o
                0x00000000080061f8                STO_PLL_CalcElAngle
 .text.STO_PLL_CalcAvrgMecSpeedUnit
                0x00000000080063c0      0x148 ./Middlewares/MotorControl/sto_pll_speed_pos_fdbk.o
                0x00000000080063c0                STO_PLL_CalcAvrgMecSpeedUnit
 .text.STO_PLL_CalcAvrgElSpeedDpp
                0x0000000008006508       0x64 ./Middlewares/MotorControl/sto_pll_speed_pos_fdbk.o
                0x0000000008006508                STO_PLL_CalcAvrgElSpeedDpp
 .text.STO_PLL_Clear
                0x000000000800656c       0x4c ./Middlewares/MotorControl/sto_pll_speed_pos_fdbk.o
                0x000000000800656c                STO_PLL_Clear
 .text.STO_PLL_Init
                0x00000000080065b8       0x74 ./Middlewares/MotorControl/sto_pll_speed_pos_fdbk.o
                0x00000000080065b8                STO_PLL_Init
 .text.STO_PLL_IsObserverConverged
                0x000000000800662c       0xac ./Middlewares/MotorControl/sto_pll_speed_pos_fdbk.o
                0x000000000800662c                STO_PLL_IsObserverConverged
 .text.STO_PLL_GetEstimatedBemf
                0x00000000080066d8       0x18 ./Middlewares/MotorControl/sto_pll_speed_pos_fdbk.o
                0x00000000080066d8                STO_PLL_GetEstimatedBemf
 .text.STO_PLL_GetEstimatedCurrent
                0x00000000080066f0       0x28 ./Middlewares/MotorControl/sto_pll_speed_pos_fdbk.o
                0x00000000080066f0                STO_PLL_GetEstimatedCurrent
 .text.STO_PLL_GetObserverGains
                0x0000000008006718       0x10 ./Middlewares/MotorControl/sto_pll_speed_pos_fdbk.o
                0x0000000008006718                STO_PLL_GetObserverGains
 .text.STO_PLL_SetObserverGains
                0x0000000008006728        0x8 ./Middlewares/MotorControl/sto_pll_speed_pos_fdbk.o
                0x0000000008006728                STO_PLL_SetObserverGains
 .text.STO_GetPLLGains
                0x0000000008006730       0x1c ./Middlewares/MotorControl/sto_pll_speed_pos_fdbk.o
                0x0000000008006730                STO_GetPLLGains
 .text.STO_SetPLLGains
                0x000000000800674c       0x1c ./Middlewares/MotorControl/sto_pll_speed_pos_fdbk.o
                0x000000000800674c                STO_SetPLLGains
 .text.STO_OTF_ResetPLL
                0x0000000008006768        0xc ./Middlewares/MotorControl/sto_pll_speed_pos_fdbk.o
                0x0000000008006768                STO_OTF_ResetPLL
 .text.STO_ResetPLL
                0x0000000008006774        0x8 ./Middlewares/MotorControl/sto_pll_speed_pos_fdbk.o
                0x0000000008006774                STO_ResetPLL
 .text.STO_PLL_GetEstimatedBemfLevel
                0x000000000800677c        0x8 ./Middlewares/MotorControl/sto_pll_speed_pos_fdbk.o
                0x000000000800677c                STO_PLL_GetEstimatedBemfLevel
 .text.STO_PLL_GetObservedBemfLevel
                0x0000000008006784        0x8 ./Middlewares/MotorControl/sto_pll_speed_pos_fdbk.o
                0x0000000008006784                STO_PLL_GetObservedBemfLevel
 .text.STO_PLL_IsVarianceTight
                0x000000000800678c        0x8 ./Middlewares/MotorControl/sto_pll_speed_pos_fdbk.o
                0x000000000800678c                STO_PLL_IsVarianceTight
 .text.STO_PLL_ForceConvergency1
                0x0000000008006794        0xc ./Middlewares/MotorControl/sto_pll_speed_pos_fdbk.o
                0x0000000008006794                STO_PLL_ForceConvergency1
 .text.STO_PLL_ForceConvergency2
                0x00000000080067a0        0xc ./Middlewares/MotorControl/sto_pll_speed_pos_fdbk.o
                0x00000000080067a0                STO_PLL_ForceConvergency2
 .text.STO_SetDirection
                0x00000000080067ac        0x8 ./Middlewares/MotorControl/sto_pll_speed_pos_fdbk.o
                0x00000000080067ac                STO_SetDirection
 .text.UFCP_Init
                0x00000000080067b4        0x4 ./Middlewares/MotorControl/usart_frame_communication_protocol.o
                0x00000000080067b4                UFCP_Init
 .text.UFCP_TX_IRQ_Handler
                0x00000000080067b8       0x5c ./Middlewares/MotorControl/usart_frame_communication_protocol.o
                0x00000000080067b8                UFCP_TX_IRQ_Handler
 .text.UFCP_Receive
                0x0000000008006814       0x20 ./Middlewares/MotorControl/usart_frame_communication_protocol.o
                0x0000000008006814                UFCP_Receive
 .text.UFCP_Send
                0x0000000008006834       0xb0 ./Middlewares/MotorControl/usart_frame_communication_protocol.o
                0x0000000008006834                UFCP_Send
 .text.UFCP_RX_IRQ_Handler
                0x00000000080068e4       0xc8 ./Middlewares/MotorControl/usart_frame_communication_protocol.o
                0x00000000080068e4                UFCP_RX_IRQ_Handler
 .text.UFCP_OVR_IRQ_Handler
                0x00000000080069ac       0x20 ./Middlewares/MotorControl/usart_frame_communication_protocol.o
                0x00000000080069ac                UFCP_OVR_IRQ_Handler
 .text.UFCP_AbortReceive
                0x00000000080069cc        0x8 ./Middlewares/MotorControl/usart_frame_communication_protocol.o
                0x00000000080069cc                UFCP_AbortReceive
 .text.VSS_Clear
                0x00000000080069d4       0x1c ./Middlewares/MotorControl/virtual_speed_sensor.o
                0x00000000080069d4                VSS_Clear
 .text.VSS_Init
                0x00000000080069f0        0x8 ./Middlewares/MotorControl/virtual_speed_sensor.o
                0x00000000080069f0                VSS_Init
 .text.VSS_CalcElAngle
                0x00000000080069f8       0xa4 ./Middlewares/MotorControl/virtual_speed_sensor.o
                0x00000000080069f8                VSS_CalcElAngle
 .text.VSS_CalcAvrgMecSpeedUnit
                0x0000000008006a9c       0x94 ./Middlewares/MotorControl/virtual_speed_sensor.o
                0x0000000008006a9c                VSS_CalcAvrgMecSpeedUnit
 .text.VSS_SetMecAngle
                0x0000000008006b30       0x10 ./Middlewares/MotorControl/virtual_speed_sensor.o
                0x0000000008006b30                VSS_SetMecAngle
 .text.VSS_SetMecAcceleration
                0x0000000008006b40       0x80 ./Middlewares/MotorControl/virtual_speed_sensor.o
                0x0000000008006b40                VSS_SetMecAcceleration
 .text.VSS_SetStartTransition
                0x0000000008006bc0       0x1c ./Middlewares/MotorControl/virtual_speed_sensor.o
                0x0000000008006bc0                VSS_SetStartTransition
 .text.VSS_TransitionEnded
                0x0000000008006bdc        0x8 ./Middlewares/MotorControl/virtual_speed_sensor.o
                0x0000000008006bdc                VSS_TransitionEnded
 .text.memset   0x0000000008006be4       0x10 C:/ST/STM32CubeIDE_1.14.0/STM32CubeIDE/plugins/com.st.stm32cube.ide.mcu.externaltools.gnu-tools-for-stm32.11.3.rel1.win32_1.1.100.202309141235/tools/bin/../lib/gcc/arm-none-eabi/11.3.1/../../../../arm-none-eabi/lib/thumb/v7e-m+fp/hard\libc_nano.a(libc_a-memset.o)
                0x0000000008006be4                memset
 .text.__libc_init_array
                0x0000000008006bf4       0x48 C:/ST/STM32CubeIDE_1.14.0/STM32CubeIDE/plugins/com.st.stm32cube.ide.mcu.externaltools.gnu-tools-for-stm32.11.3.rel1.win32_1.1.100.202309141235/tools/bin/../lib/gcc/arm-none-eabi/11.3.1/../../../../arm-none-eabi/lib/thumb/v7e-m+fp/hard\libc_nano.a(libc_a-init.o)
                0x0000000008006bf4                __libc_init_array
 *(.glue_7)
 .glue_7        0x0000000008006c3c        0x0 linker stubs
 *(.glue_7t)
 .glue_7t       0x0000000008006c3c        0x0 linker stubs
 *(.eh_frame)
 .eh_frame      0x0000000008006c3c        0x0 C:/ST/STM32CubeIDE_1.14.0/STM32CubeIDE/plugins/com.st.stm32cube.ide.mcu.externaltools.gnu-tools-for-stm32.11.3.rel1.win32_1.1.100.202309141235/tools/bin/../lib/gcc/arm-none-eabi/11.3.1/thumb/v7e-m+fp/hard/crtbegin.o
 *(.init)
 .init          0x0000000008006c3c        0x4 C:/ST/STM32CubeIDE_1.14.0/STM32CubeIDE/plugins/com.st.stm32cube.ide.mcu.externaltools.gnu-tools-for-stm32.11.3.rel1.win32_1.1.100.202309141235/tools/bin/../lib/gcc/arm-none-eabi/11.3.1/thumb/v7e-m+fp/hard/crti.o
                0x0000000008006c3c                _init
 .init          0x0000000008006c40        0x8 C:/ST/STM32CubeIDE_1.14.0/STM32CubeIDE/plugins/com.st.stm32cube.ide.mcu.externaltools.gnu-tools-for-stm32.11.3.rel1.win32_1.1.100.202309141235/tools/bin/../lib/gcc/arm-none-eabi/11.3.1/thumb/v7e-m+fp/hard/crtn.o
 *(.fini)
 .fini          0x0000000008006c48        0x4 C:/ST/STM32CubeIDE_1.14.0/STM32CubeIDE/plugins/com.st.stm32cube.ide.mcu.externaltools.gnu-tools-for-stm32.11.3.rel1.win32_1.1.100.202309141235/tools/bin/../lib/gcc/arm-none-eabi/11.3.1/thumb/v7e-m+fp/hard/crti.o
                0x0000000008006c48                _fini
 .fini          0x0000000008006c4c        0x8 C:/ST/STM32CubeIDE_1.14.0/STM32CubeIDE/plugins/com.st.stm32cube.ide.mcu.externaltools.gnu-tools-for-stm32.11.3.rel1.win32_1.1.100.202309141235/tools/bin/../lib/gcc/arm-none-eabi/11.3.1/thumb/v7e-m+fp/hard/crtn.o
                0x0000000008006c54                . = ALIGN (0x4)
                0x0000000008006c54                _etext = .

.vfp11_veneer   0x0000000008006c54        0x0
 .vfp11_veneer  0x0000000008006c54        0x0 linker stubs

.v4_bx          0x0000000008006c54        0x0
 .v4_bx         0x0000000008006c54        0x0 linker stubs

.iplt           0x0000000008006c54        0x0
 .iplt          0x0000000008006c54        0x0 C:/ST/STM32CubeIDE_1.14.0/STM32CubeIDE/plugins/com.st.stm32cube.ide.mcu.externaltools.gnu-tools-for-stm32.11.3.rel1.win32_1.1.100.202309141235/tools/bin/../lib/gcc/arm-none-eabi/11.3.1/thumb/v7e-m+fp/hard/crtbegin.o

.rodata         0x0000000008006c54      0x2d4
                0x0000000008006c54                . = ALIGN (0x4)
 *(.rodata)
 *(.rodata*)
 .rodata.hSin_Cos_Table
                0x0000000008006c54      0x200 ./Application/User/mc_math.o
                0x0000000008006c54                hSin_Cos_Table
 .rodata.R3_2_ParamsM1
                0x0000000008006e54       0x94 ./Application/User/mc_parameters.o
                0x0000000008006e54                R3_2_ParamsM1
 .rodata.s_fwVer
                0x0000000008006ee8       0x20 ./Application/User/motorcontrol.o
                0x0000000008006ee8                s_fwVer
 .rodata.AHBPrescTable
                0x0000000008006f08       0x10 ./Drivers/CMSIS/system_stm32f4xx.o
                0x0000000008006f08                AHBPrescTable
 .rodata.APBPrescTable
                0x0000000008006f18        0x8 ./Drivers/CMSIS/system_stm32f4xx.o
                0x0000000008006f18                APBPrescTable
 .rodata.UFCP_Usart_Timeout_none
                0x0000000008006f20        0x2 ./Middlewares/MotorControl/usart_frame_communication_protocol.o
 .rodata.UFCP_Usart_Timeout_start
                0x0000000008006f22        0x2 ./Middlewares/MotorControl/usart_frame_communication_protocol.o
 .rodata.UFCP_Usart_Timeout_stop
                0x0000000008006f24        0x2 ./Middlewares/MotorControl/usart_frame_communication_protocol.o
                0x0000000008006f28                . = ALIGN (0x4)
 *fill*         0x0000000008006f26        0x2 

.ARM.extab      0x0000000008006f28        0x0
                0x0000000008006f28                . = ALIGN (0x4)
 *(.ARM.extab* .gnu.linkonce.armextab.*)
                0x0000000008006f28                . = ALIGN (0x4)

.ARM            0x0000000008006f28        0x8
                0x0000000008006f28                . = ALIGN (0x4)
                0x0000000008006f28                __exidx_start = .
 *(.ARM.exidx*)
 .ARM.exidx     0x0000000008006f28        0x8 C:/ST/STM32CubeIDE_1.14.0/STM32CubeIDE/plugins/com.st.stm32cube.ide.mcu.externaltools.gnu-tools-for-stm32.11.3.rel1.win32_1.1.100.202309141235/tools/bin/../lib/gcc/arm-none-eabi/11.3.1/thumb/v7e-m+fp/hard\libgcc.a(_udivmoddi4.o)
                0x0000000008006f30                __exidx_end = .
                0x0000000008006f30                . = ALIGN (0x4)

.rel.dyn        0x0000000008006f30        0x0
 .rel.iplt      0x0000000008006f30        0x0 C:/ST/STM32CubeIDE_1.14.0/STM32CubeIDE/plugins/com.st.stm32cube.ide.mcu.externaltools.gnu-tools-for-stm32.11.3.rel1.win32_1.1.100.202309141235/tools/bin/../lib/gcc/arm-none-eabi/11.3.1/thumb/v7e-m+fp/hard/crtbegin.o

.preinit_array  0x0000000008006f30        0x0
                0x0000000008006f30                . = ALIGN (0x4)
                0x0000000008006f30                PROVIDE (__preinit_array_start = .)
 *(.preinit_array*)
                0x0000000008006f30                PROVIDE (__preinit_array_end = .)
                0x0000000008006f30                . = ALIGN (0x4)

.init_array     0x0000000008006f30        0x4
                0x0000000008006f30                . = ALIGN (0x4)
                0x0000000008006f30                PROVIDE (__init_array_start = .)
 *(SORT_BY_NAME(.init_array.*))
 *(.init_array*)
 .init_array    0x0000000008006f30        0x4 C:/ST/STM32CubeIDE_1.14.0/STM32CubeIDE/plugins/com.st.stm32cube.ide.mcu.externaltools.gnu-tools-for-stm32.11.3.rel1.win32_1.1.100.202309141235/tools/bin/../lib/gcc/arm-none-eabi/11.3.1/thumb/v7e-m+fp/hard/crtbegin.o
                0x0000000008006f34                PROVIDE (__init_array_end = .)
                0x0000000008006f34                . = ALIGN (0x4)

.fini_array     0x0000000008006f34        0x4
                0x0000000008006f34                . = ALIGN (0x4)
                [!provide]                        PROVIDE (__fini_array_start = .)
 *(SORT_BY_NAME(.fini_array.*))
 *(.fini_array*)
 .fini_array    0x0000000008006f34        0x4 C:/ST/STM32CubeIDE_1.14.0/STM32CubeIDE/plugins/com.st.stm32cube.ide.mcu.externaltools.gnu-tools-for-stm32.11.3.rel1.win32_1.1.100.202309141235/tools/bin/../lib/gcc/arm-none-eabi/11.3.1/thumb/v7e-m+fp/hard/crtbegin.o
                [!provide]                        PROVIDE (__fini_array_end = .)
                0x0000000008006f38                . = ALIGN (0x4)
                0x0000000008006f38                _sidata = LOADADDR (.data)

.data           0x0000000020000000      0x70c load address 0x0000000008006f38
                0x0000000020000000                . = ALIGN (0x4)
                0x0000000020000000                _sdata = .
 *(.data)
 *(.data*)
 .data.CircleLimitationM1
                0x0000000020000000       0xb4 ./Application/User/mc_config.o
                0x0000000020000000                CircleLimitationM1
 .data.DAC_UI_Params
                0x00000000200000b4       0x3c ./Application/User/mc_config.o
                0x00000000200000b4                DAC_UI_Params
 .data.PIDIdHandle_M1
                0x00000000200000f0       0x2c ./Application/User/mc_config.o
                0x00000000200000f0                PIDIdHandle_M1
 .data.PIDIqHandle_M1
                0x000000002000011c       0x2c ./Application/User/mc_config.o
                0x000000002000011c                PIDIqHandle_M1
 .data.PIDSpeedHandle_M1
                0x0000000020000148       0x2c ./Application/User/mc_config.o
                0x0000000020000148                PIDSpeedHandle_M1
 .data.PQD_MotorPowMeasM1
                0x0000000020000174      0x114 ./Application/User/mc_config.o
                0x0000000020000174                PQD_MotorPowMeasM1
 .data.PWM_Handle_M1
                0x0000000020000288       0x7c ./Application/User/mc_config.o
                0x0000000020000288                PWM_Handle_M1
 .data.RampExtMngrHFParamsM1
                0x0000000020000304       0x18 ./Application/User/mc_config.o
                0x0000000020000304                RampExtMngrHFParamsM1
 .data.RealBusVoltageSensorParamsM1
                0x000000002000031c       0x28 ./Application/User/mc_config.o
                0x000000002000031c                RealBusVoltageSensorParamsM1
 .data.RevUpControlM1
                0x0000000020000344       0x78 ./Application/User/mc_config.o
                0x0000000020000344                RevUpControlM1
 .data.STO_M1   0x00000000200003bc       0x14 ./Application/User/mc_config.o
                0x00000000200003bc                STO_M1
 .data.STO_PLL_M1
                0x00000000200003d0      0x128 ./Application/User/mc_config.o
                0x00000000200003d0                STO_PLL_M1
 .data.SpeednTorqCtrlM1
                0x00000000200004f8       0x34 ./Application/User/mc_config.o
                0x00000000200004f8                SpeednTorqCtrlM1
 .data.TempSensorParamsM1
                0x000000002000052c       0x28 ./Application/User/mc_config.o
                0x000000002000052c                TempSensorParamsM1
 .data.UI_Params
                0x0000000020000554       0x30 ./Application/User/mc_config.o
                0x0000000020000554                UI_Params
 .data.VirtualSpeedSensorM1
                0x0000000020000584       0x38 ./Application/User/mc_config.o
                0x0000000020000584                VirtualSpeedSensorM1
 .data.pUSART   0x00000000200005bc      0x13c ./Application/User/mc_config.o
                0x00000000200005bc                pUSART
 .data.wConfig  0x00000000200006f8        0x4 ./Application/User/motorcontrol.o
                0x00000000200006f8                wConfig
 .data.SystickDividerCounter.0
                0x00000000200006fc        0x1 ./Application/User/stm32f4xx_mc_it.o
 *fill*         0x00000000200006fd        0x1 
 .data.bCOMATRTimeCounter
                0x00000000200006fe        0x2 ./Application/User/ui_task.o
 .data.SystemCoreClock
                0x0000000020000700        0x4 ./Drivers/CMSIS/system_stm32f4xx.o
                0x0000000020000700                SystemCoreClock
 .data.uwTickFreq
                0x0000000020000704        0x1 ./Drivers/STM32F4xx_HAL_Driver/stm32f4xx_hal.o
                0x0000000020000704                uwTickFreq
 *fill*         0x0000000020000705        0x3 
 .data.uwTickPrio
                0x0000000020000708        0x4 ./Drivers/STM32F4xx_HAL_Driver/stm32f4xx_hal.o
                0x0000000020000708                uwTickPrio
 *(.RamFunc)
 *(.RamFunc*)
                0x000000002000070c                . = ALIGN (0x4)
                0x000000002000070c                _edata = .

.igot.plt       0x000000002000070c        0x0 load address 0x0000000008007644
 .igot.plt      0x000000002000070c        0x0 C:/ST/STM32CubeIDE_1.14.0/STM32CubeIDE/plugins/com.st.stm32cube.ide.mcu.externaltools.gnu-tools-for-stm32.11.3.rel1.win32_1.1.100.202309141235/tools/bin/../lib/gcc/arm-none-eabi/11.3.1/thumb/v7e-m+fp/hard/crtbegin.o
                0x000000002000070c                . = ALIGN (0x4)

.bss            0x000000002000070c      0x354 load address 0x0000000008007644
                0x000000002000070c                _sbss = .
                0x000000002000070c                __bss_start__ = _sbss
 *(.bss)
 .bss           0x000000002000070c       0x1c C:/ST/STM32CubeIDE_1.14.0/STM32CubeIDE/plugins/com.st.stm32cube.ide.mcu.externaltools.gnu-tools-for-stm32.11.3.rel1.win32_1.1.100.202309141235/tools/bin/../lib/gcc/arm-none-eabi/11.3.1/thumb/v7e-m+fp/hard/crtbegin.o
 *(.bss*)
 .bss.hadc1     0x0000000020000728       0x48 ./Application/User/main.o
                0x0000000020000728                hadc1
 .bss.hadc2     0x0000000020000770       0x48 ./Application/User/main.o
                0x0000000020000770                hadc2
 .bss.hdac      0x00000000200007b8       0x14 ./Application/User/main.o
                0x00000000200007b8                hdac
 .bss.htim1     0x00000000200007cc       0x48 ./Application/User/main.o
                0x00000000200007cc                htim1
 .bss.huart2    0x0000000020000814       0x44 ./Application/User/main.o
                0x0000000020000814                huart2
 .bss.RealBusVoltageSensorFilterBufferM1
                0x0000000020000858       0x14 ./Application/User/mc_config.o
                0x0000000020000858                RealBusVoltageSensorFilterBufferM1
 .bss.FOCVars   0x000000002000086c       0x26 ./Application/User/mc_tasks.o
                0x000000002000086c                FOCVars
 *fill*         0x0000000020000892        0x2 
 .bss.MCT       0x0000000020000894       0x54 ./Application/User/mc_tasks.o
                0x0000000020000894                MCT
 .bss.Mci       0x00000000200008e8       0x1c ./Application/User/mc_tasks.o
                0x00000000200008e8                Mci
 .bss.STM       0x0000000020000904        0x6 ./Application/User/mc_tasks.o
                0x0000000020000904                STM
 .bss.bMCBootCompleted
                0x000000002000090a        0x1 ./Application/User/mc_tasks.o
                0x000000002000090a                bMCBootCompleted
 *fill*         0x000000002000090b        0x1 
 .bss.hBootCapDelayCounterM1
                0x000000002000090c        0x2 ./Application/User/mc_tasks.o
 .bss.hMFTaskCounterM1
                0x000000002000090e        0x2 ./Application/User/mc_tasks.o
 .bss.hStopPermanencyCounterM1
                0x0000000020000910        0x2 ./Application/User/mc_tasks.o
 *fill*         0x0000000020000912        0x2 
 .bss.oMCInterface
                0x0000000020000914        0x4 ./Application/User/mc_tasks.o
                0x0000000020000914                oMCInterface
 .bss.pBusSensorM1
                0x0000000020000918        0x4 ./Application/User/mc_tasks.o
                0x0000000020000918                pBusSensorM1
 .bss.pCLM      0x000000002000091c        0x4 ./Application/User/mc_tasks.o
                0x000000002000091c                pCLM
 .bss.pMPM      0x0000000020000920        0x4 ./Application/User/mc_tasks.o
                0x0000000020000920                pMPM
 .bss.pPIDId    0x0000000020000924        0x4 ./Application/User/mc_tasks.o
                0x0000000020000924                pPIDId
 .bss.pPIDIq    0x0000000020000928        0x4 ./Application/User/mc_tasks.o
                0x0000000020000928                pPIDIq
 .bss.pPIDSpeed
                0x000000002000092c        0x4 ./Application/User/mc_tasks.o
                0x000000002000092c                pPIDSpeed
 .bss.pREMNG    0x0000000020000930        0x4 ./Application/User/mc_tasks.o
                0x0000000020000930                pREMNG
 .bss.pSTC      0x0000000020000934        0x4 ./Application/User/mc_tasks.o
                0x0000000020000934                pSTC
 .bss.pTemperatureSensor
                0x0000000020000938        0x4 ./Application/User/mc_tasks.o
                0x0000000020000938                pTemperatureSensor
 .bss.pwmcHandle
                0x000000002000093c        0x4 ./Application/User/mc_tasks.o
                0x000000002000093c                pwmcHandle
 .bss.MPInfo    0x0000000020000940        0x8 ./Application/User/motor_control_protocol.o
                0x0000000020000940                MPInfo
 .bss.pMCI      0x0000000020000948        0x4 ./Application/User/motorcontrol.o
                0x0000000020000948                pMCI
 .bss.pMCT      0x000000002000094c        0x4 ./Application/User/motorcontrol.o
                0x000000002000094c                pMCT
 .bss.RCM_CB_array
                0x0000000020000950       0x20 ./Application/User/regular_conversion_manager.o
                0x0000000020000950                RCM_CB_array
 .bss.RCM_UserConvHandle
                0x0000000020000970        0x1 ./Application/User/regular_conversion_manager.o
                0x0000000020000970                RCM_UserConvHandle
 .bss.RCM_UserConvState
                0x0000000020000971        0x1 ./Application/User/regular_conversion_manager.o
                0x0000000020000971                RCM_UserConvState
 .bss.RCM_UserConvValue
                0x0000000020000972        0x2 ./Application/User/regular_conversion_manager.o
                0x0000000020000972                RCM_UserConvValue
 .bss.RCM_handle_array
                0x0000000020000974       0x10 ./Application/User/regular_conversion_manager.o
                0x0000000020000974                RCM_handle_array
 .bss.MCP_UI_Params
                0x0000000020000984       0xcc ./Application/User/ui_task.o
                0x0000000020000984                MCP_UI_Params
 .bss.bCOMTimeoutCounter
                0x0000000020000a50        0x2 ./Application/User/ui_task.o
 .bss.bUITaskCounter
                0x0000000020000a52        0x2 ./Application/User/ui_task.o
 .bss.pDAC      0x0000000020000a54        0x4 ./Application/User/ui_task.o
                0x0000000020000a54                pDAC
 .bss.pMCP      0x0000000020000a58        0x4 ./Application/User/ui_task.o
                0x0000000020000a58                pMCP
 .bss.uwTick    0x0000000020000a5c        0x4 ./Drivers/STM32F4xx_HAL_Driver/stm32f4xx_hal.o
                0x0000000020000a5c                uwTick
 *(COMMON)
                0x0000000020000a60                . = ALIGN (0x4)
                0x0000000020000a60                _ebss = .
                0x0000000020000a60                __bss_end__ = _ebss

._user_heap_stack
                0x0000000020000a60      0x600 load address 0x0000000008007644
                0x0000000020000a60                . = ALIGN (0x8)
                [!provide]                        PROVIDE (end = .)
                0x0000000020000a60                PROVIDE (_end = .)
                0x0000000020000c60                . = (. + _Min_Heap_Size)
 *fill*         0x0000000020000a60      0x200 
                0x0000000020001060                . = (. + _Min_Stack_Size)
 *fill*         0x0000000020000c60      0x400 
                0x0000000020001060                . = ALIGN (0x8)

/DISCARD/
 libc.a(*)
 libm.a(*)
 libgcc.a(*)

.ARM.attributes
                0x0000000000000000       0x30
 *(.ARM.attributes)
 .ARM.attributes
                0x0000000000000000       0x1e C:/ST/STM32CubeIDE_1.14.0/STM32CubeIDE/plugins/com.st.stm32cube.ide.mcu.externaltools.gnu-tools-for-stm32.11.3.rel1.win32_1.1.100.202309141235/tools/bin/../lib/gcc/arm-none-eabi/11.3.1/thumb/v7e-m+fp/hard/crti.o
 .ARM.attributes
                0x000000000000001e       0x34 C:/ST/STM32CubeIDE_1.14.0/STM32CubeIDE/plugins/com.st.stm32cube.ide.mcu.externaltools.gnu-tools-for-stm32.11.3.rel1.win32_1.1.100.202309141235/tools/bin/../lib/gcc/arm-none-eabi/11.3.1/thumb/v7e-m+fp/hard/crtbegin.o
 .ARM.attributes
                0x0000000000000052       0x21 ./Application/Startup/startup_stm32f446retx.o
 .ARM.attributes
                0x0000000000000073       0x30 ./Application/User/dac_ui.o
 .ARM.attributes
                0x00000000000000a3       0x30 ./Application/User/main.o
 .ARM.attributes
                0x00000000000000d3       0x30 ./Application/User/mc_api.o
 .ARM.attributes
                0x0000000000000103       0x30 ./Application/User/mc_config.o
 .ARM.attributes
                0x0000000000000133       0x30 ./Application/User/mc_interface.o
 .ARM.attributes
                0x0000000000000163       0x30 ./Application/User/mc_math.o
 .ARM.attributes
                0x0000000000000193       0x30 ./Application/User/mc_parameters.o
 .ARM.attributes
                0x00000000000001c3       0x30 ./Application/User/mc_tasks.o
 .ARM.attributes
                0x00000000000001f3       0x30 ./Application/User/motor_control_protocol.o
 .ARM.attributes
                0x0000000000000223       0x30 ./Application/User/motorcontrol.o
 .ARM.attributes
                0x0000000000000253       0x30 ./Application/User/regular_conversion_manager.o
 .ARM.attributes
                0x0000000000000283       0x30 ./Application/User/stm32f4xx_hal_msp.o
 .ARM.attributes
                0x00000000000002b3       0x30 ./Application/User/stm32f4xx_mc_it.o
 .ARM.attributes
                0x00000000000002e3       0x30 ./Application/User/ui_task.o
 .ARM.attributes
                0x0000000000000313       0x30 ./Application/User/user_interface.o
 .ARM.attributes
                0x0000000000000343       0x30 ./Drivers/CMSIS/system_stm32f4xx.o
 .ARM.attributes
                0x0000000000000373       0x30 ./Drivers/STM32F4xx_HAL_Driver/stm32f4xx_hal.o
 .ARM.attributes
                0x00000000000003a3       0x30 ./Drivers/STM32F4xx_HAL_Driver/stm32f4xx_hal_adc.o
 .ARM.attributes
                0x00000000000003d3       0x30 ./Drivers/STM32F4xx_HAL_Driver/stm32f4xx_hal_adc_ex.o
 .ARM.attributes
                0x0000000000000403       0x30 ./Drivers/STM32F4xx_HAL_Driver/stm32f4xx_hal_cortex.o
 .ARM.attributes
                0x0000000000000433       0x30 ./Drivers/STM32F4xx_HAL_Driver/stm32f4xx_hal_dac.o
 .ARM.attributes
                0x0000000000000463       0x30 ./Drivers/STM32F4xx_HAL_Driver/stm32f4xx_hal_gpio.o
 .ARM.attributes
                0x0000000000000493       0x30 ./Drivers/STM32F4xx_HAL_Driver/stm32f4xx_hal_pwr_ex.o
 .ARM.attributes
                0x00000000000004c3       0x30 ./Drivers/STM32F4xx_HAL_Driver/stm32f4xx_hal_rcc.o
 .ARM.attributes
                0x00000000000004f3       0x30 ./Drivers/STM32F4xx_HAL_Driver/stm32f4xx_hal_rcc_ex.o
 .ARM.attributes
                0x0000000000000523       0x30 ./Drivers/STM32F4xx_HAL_Driver/stm32f4xx_hal_tim.o
 .ARM.attributes
                0x0000000000000553       0x30 ./Drivers/STM32F4xx_HAL_Driver/stm32f4xx_hal_tim_ex.o
 .ARM.attributes
                0x0000000000000583       0x30 ./Drivers/STM32F4xx_HAL_Driver/stm32f4xx_hal_uart.o
 .ARM.attributes
                0x00000000000005b3       0x30 ./Middlewares/MotorControl/bus_voltage_sensor.o
 .ARM.attributes
                0x00000000000005e3       0x30 ./Middlewares/MotorControl/circle_limitation.o
 .ARM.attributes
                0x0000000000000613       0x30 ./Middlewares/MotorControl/dac_common_ui.o
 .ARM.attributes
                0x0000000000000643       0x30 ./Middlewares/MotorControl/frame_communication_protocol.o
 .ARM.attributes
                0x0000000000000673       0x30 ./Middlewares/MotorControl/motor_power_measurement.o
 .ARM.attributes
                0x00000000000006a3       0x30 ./Middlewares/MotorControl/ntc_temperature_sensor.o
 .ARM.attributes
                0x00000000000006d3       0x30 ./Middlewares/MotorControl/pid_regulator.o
 .ARM.attributes
                0x0000000000000703       0x30 ./Middlewares/MotorControl/pqd_motor_power_measurement.o
 .ARM.attributes
                0x0000000000000733       0x30 ./Middlewares/MotorControl/pwm_common.o
 .ARM.attributes
                0x0000000000000763       0x30 ./Middlewares/MotorControl/pwm_curr_fdbk.o
 .ARM.attributes
                0x0000000000000793       0x30 ./Middlewares/MotorControl/r3_2_f4xx_pwm_curr_fdbk.o
 .ARM.attributes
                0x00000000000007c3       0x30 ./Middlewares/MotorControl/r_divider_bus_voltage_sensor.o
 .ARM.attributes
                0x00000000000007f3       0x30 ./Middlewares/MotorControl/ramp_ext_mngr.o
 .ARM.attributes
                0x0000000000000823       0x30 ./Middlewares/MotorControl/revup_ctrl.o
 .ARM.attributes
                0x0000000000000853       0x30 ./Middlewares/MotorControl/speed_pos_fdbk.o
 .ARM.attributes
                0x0000000000000883       0x30 ./Middlewares/MotorControl/speed_torq_ctrl.o
 .ARM.attributes
                0x00000000000008b3       0x30 ./Middlewares/MotorControl/state_machine.o
 .ARM.attributes
                0x00000000000008e3       0x30 ./Middlewares/MotorControl/sto_pll_speed_pos_fdbk.o
 .ARM.attributes
                0x0000000000000913       0x30 ./Middlewares/MotorControl/usart_frame_communication_protocol.o
 .ARM.attributes
                0x0000000000000943       0x30 ./Middlewares/MotorControl/virtual_speed_sensor.o
 .ARM.attributes
                0x0000000000000973       0x34 C:/ST/STM32CubeIDE_1.14.0/STM32CubeIDE/plugins/com.st.stm32cube.ide.mcu.externaltools.gnu-tools-for-stm32.11.3.rel1.win32_1.1.100.202309141235/tools/bin/../lib/gcc/arm-none-eabi/11.3.1/../../../../arm-none-eabi/lib/thumb/v7e-m+fp/hard\libc_nano.a(libc_a-memset.o)
 .ARM.attributes
                0x00000000000009a7       0x34 C:/ST/STM32CubeIDE_1.14.0/STM32CubeIDE/plugins/com.st.stm32cube.ide.mcu.externaltools.gnu-tools-for-stm32.11.3.rel1.win32_1.1.100.202309141235/tools/bin/../lib/gcc/arm-none-eabi/11.3.1/../../../../arm-none-eabi/lib/thumb/v7e-m+fp/hard\libc_nano.a(libc_a-init.o)
 .ARM.attributes
                0x00000000000009db       0x1e C:/ST/STM32CubeIDE_1.14.0/STM32CubeIDE/plugins/com.st.stm32cube.ide.mcu.externaltools.gnu-tools-for-stm32.11.3.rel1.win32_1.1.100.202309141235/tools/bin/../lib/gcc/arm-none-eabi/11.3.1/thumb/v7e-m+fp/hard\libgcc.a(_aeabi_uldivmod.o)
 .ARM.attributes
                0x00000000000009f9       0x34 C:/ST/STM32CubeIDE_1.14.0/STM32CubeIDE/plugins/com.st.stm32cube.ide.mcu.externaltools.gnu-tools-for-stm32.11.3.rel1.win32_1.1.100.202309141235/tools/bin/../lib/gcc/arm-none-eabi/11.3.1/thumb/v7e-m+fp/hard\libgcc.a(_udivmoddi4.o)
 .ARM.attributes
                0x0000000000000a2d       0x1e C:/ST/STM32CubeIDE_1.14.0/STM32CubeIDE/plugins/com.st.stm32cube.ide.mcu.externaltools.gnu-tools-for-stm32.11.3.rel1.win32_1.1.100.202309141235/tools/bin/../lib/gcc/arm-none-eabi/11.3.1/thumb/v7e-m+fp/hard\libgcc.a(_dvmd_tls.o)
 .ARM.attributes
                0x0000000000000a4b       0x1e C:/ST/STM32CubeIDE_1.14.0/STM32CubeIDE/plugins/com.st.stm32cube.ide.mcu.externaltools.gnu-tools-for-stm32.11.3.rel1.win32_1.1.100.202309141235/tools/bin/../lib/gcc/arm-none-eabi/11.3.1/thumb/v7e-m+fp/hard/crtn.o
OUTPUT(f446-ihm07-a2208.elf elf32-littlearm)
LOAD linker stubs
LOAD C:/ST/STM32CubeIDE_1.14.0/STM32CubeIDE/plugins/com.st.stm32cube.ide.mcu.externaltools.gnu-tools-for-stm32.11.3.rel1.win32_1.1.100.202309141235/tools/bin/../lib/gcc/arm-none-eabi/11.3.1/../../../../arm-none-eabi/lib/thumb/v7e-m+fp/hard\libc.a
LOAD C:/ST/STM32CubeIDE_1.14.0/STM32CubeIDE/plugins/com.st.stm32cube.ide.mcu.externaltools.gnu-tools-for-stm32.11.3.rel1.win32_1.1.100.202309141235/tools/bin/../lib/gcc/arm-none-eabi/11.3.1/../../../../arm-none-eabi/lib/thumb/v7e-m+fp/hard\libm.a
LOAD C:/ST/STM32CubeIDE_1.14.0/STM32CubeIDE/plugins/com.st.stm32cube.ide.mcu.externaltools.gnu-tools-for-stm32.11.3.rel1.win32_1.1.100.202309141235/tools/bin/../lib/gcc/arm-none-eabi/11.3.1/thumb/v7e-m+fp/hard\libgcc.a

.comment        0x0000000000000000       0x43
 .comment       0x0000000000000000       0x43 C:/ST/STM32CubeIDE_1.14.0/STM32CubeIDE/plugins/com.st.stm32cube.ide.mcu.externaltools.gnu-tools-for-stm32.11.3.rel1.win32_1.1.100.202309141235/tools/bin/../lib/gcc/arm-none-eabi/11.3.1/thumb/v7e-m+fp/hard/crtbegin.o
                                         0x44 (size before relaxing)
 .comment       0x0000000000000043       0x44 ./Application/User/dac_ui.o
 .comment       0x0000000000000043       0x44 ./Application/User/main.o
 .comment       0x0000000000000043       0x44 ./Application/User/mc_api.o
 .comment       0x0000000000000043       0x44 ./Application/User/mc_config.o
 .comment       0x0000000000000043       0x44 ./Application/User/mc_interface.o
 .comment       0x0000000000000043       0x44 ./Application/User/mc_math.o
 .comment       0x0000000000000043       0x44 ./Application/User/mc_parameters.o
 .comment       0x0000000000000043       0x44 ./Application/User/mc_tasks.o
 .comment       0x0000000000000043       0x44 ./Application/User/motor_control_protocol.o
 .comment       0x0000000000000043       0x44 ./Application/User/motorcontrol.o
 .comment       0x0000000000000043       0x44 ./Application/User/regular_conversion_manager.o
 .comment       0x0000000000000043       0x44 ./Application/User/stm32f4xx_hal_msp.o
 .comment       0x0000000000000043       0x44 ./Application/User/stm32f4xx_mc_it.o
 .comment       0x0000000000000043       0x44 ./Application/User/ui_task.o