C:/Users/user/Desktop/mc_sdk-install/f446-ihm07-a2208/f446-ihm07-a2208/Src/regular_conversion_manager.c:179:9:RCM_RegisterRegConv	16	static,ignoring_inline_asm
C:/Users/user/Desktop/mc_sdk-install/f446-ihm07-a2208/f446-ihm07-a2208/Src/regular_conversion_manager.c:146:9:RCM_RegisterRegConv_WithCB	16	static
C:/Users/user/Desktop/mc_sdk-install/f446-ihm07-a2208/f446-ihm07-a2208/Src/regular_conversion_manager.c:241:10:RCM_ExecRegularConv	0	static,ignoring_inline_asm
C:/Users/user/Desktop/mc_sdk-install/f446-ihm07-a2208/f446-ihm07-a2208/Src/regular_conversion_manager.c:272:6:RCM_RequestUserConv	0	static
C:/Users/user/Desktop/mc_sdk-install/f446-ihm07-a2208/f446-ihm07-a2208/Src/regular_conversion_manager.c:293:10:RCM_GetUserConv	0	static
C:/Users/user/Desktop/mc_sdk-install/f446-ihm07-a2208/f446-ihm07-a2208/Src/regular_conversion_manager.c:311:6:RCM_ExecUserConv	16	static
C:/Users/user/Desktop/mc_sdk-install/f446-ihm07-a2208/f446-ihm07-a2208/Src/regular_conversion_manager.c:336:21:RCM_GetUserConvState	0	static
