C:/Users/user/Desktop/mc_sdk-install/f446-ihm07-a2208/f446-ihm07-a2208/Src/stm32f4xx_hal_msp.c:66:6:HAL_MspInit	8	static
C:/Users/user/Desktop/mc_sdk-install/f446-ihm07-a2208/f446-ihm07-a2208/Src/stm32f4xx_hal_msp.c:90:6:HAL_ADC_MspInit	56	static
C:/Users/user/Desktop/mc_sdk-install/f446-ihm07-a2208/f446-ihm07-a2208/Src/stm32f4xx_hal_msp.c:162:6:HAL_ADC_MspDeInit	8	static
C:/Users/user/Desktop/mc_sdk-install/f446-ihm07-a2208/f446-ihm07-a2208/Src/stm32f4xx_hal_msp.c:235:6:HAL_DAC_MspInit	40	static
C:/Users/user/Desktop/mc_sdk-install/f446-ihm07-a2208/f446-ihm07-a2208/Src/stm32f4xx_hal_msp.c:268:6:HAL_DAC_MspDeInit	0	static
C:/Users/user/Desktop/mc_sdk-install/f446-ihm07-a2208/f446-ihm07-a2208/Src/stm32f4xx_hal_msp.c:296:6:HAL_TIM_Base_MspInit	40	static
C:/Users/user/Desktop/mc_sdk-install/f446-ihm07-a2208/f446-ihm07-a2208/Src/stm32f4xx_hal_msp.c:325:6:HAL_TIM_MspPostInit	40	static
C:/Users/user/Desktop/mc_sdk-install/f446-ihm07-a2208/f446-ihm07-a2208/Src/stm32f4xx_hal_msp.c:359:6:HAL_TIM_Base_MspDeInit	8	static
C:/Users/user/Desktop/mc_sdk-install/f446-ihm07-a2208/f446-ihm07-a2208/Src/stm32f4xx_hal_msp.c:393:6:HAL_UART_MspInit	40	static
C:/Users/user/Desktop/mc_sdk-install/f446-ihm07-a2208/f446-ihm07-a2208/Src/stm32f4xx_hal_msp.c:429:6:HAL_UART_MspDeInit	8	static
