C:/Users/user/Desktop/mc_sdk-install/f446-ihm07-a2208/f446-ihm07-a2208/Src/stm32f4xx_mc_it.c:72:6:ADC_IRQHandler	8	static
C:/Users/user/Desktop/mc_sdk-install/f446-ihm07-a2208/f446-ihm07-a2208/Src/stm32f4xx_mc_it.c:103:6:TIM1_UP_TIM10_IRQHandler	0	static
C:/Users/user/Desktop/mc_sdk-install/f446-ihm07-a2208/f446-ihm07-a2208/Src/stm32f4xx_mc_it.c:121:6:TIM1_BRK_TIM9_IRQHandler	8	static
C:/Users/user/Desktop/mc_sdk-install/f446-ihm07-a2208/f446-ihm07-a2208/Src/stm32f4xx_mc_it.c:145:6:USART2_IRQHandler	16	static
C:/Users/user/Desktop/mc_sdk-install/f446-ihm07-a2208/f446-ihm07-a2208/Src/stm32f4xx_mc_it.c:195:6:HardFault_Handler	16	static
C:/Users/user/Desktop/mc_sdk-install/f446-ihm07-a2208/f446-ihm07-a2208/Src/stm32f4xx_mc_it.c:243:6:SysTick_Handler	8	static
C:/Users/user/Desktop/mc_sdk-install/f446-ihm07-a2208/f446-ihm07-a2208/Src/stm32f4xx_mc_it.c:271:6:EXTI15_10_IRQHandler	0	static
