C:/Users/user/Desktop/mc_sdk-install/f446-ihm07-a2208/f446-ihm07-a2208/Drivers/STM32F4xx_HAL_Driver/Src/stm32f4xx_hal_dma_ex.c:101:19:HAL_DMAEx_MultiBufferStart	8	static
C:/Users/user/Desktop/mc_sdk-install/f446-ihm07-a2208/f446-ihm07-a2208/Drivers/STM32F4xx_HAL_Driver/Src/stm32f4xx_hal_dma_ex.c:155:19:HAL_DMAEx_MultiBufferStart_IT	12	static
C:/Users/user/Desktop/mc_sdk-install/f446-ihm07-a2208/f446-ihm07-a2208/Drivers/STM32F4xx_HAL_Driver/Src/stm32f4xx_hal_dma_ex.c:240:19:HAL_DMAEx_ChangeMemory	0	static
