C:/Users/user/Desktop/mc_sdk-install/f446-ihm07-a2208/f446-ihm07-a2208/Drivers/STM32F4xx_HAL_Driver/Src/stm32f4xx_hal_gpio.c:164:6:HAL_GPIO_Init	56	static
C:/Users/user/Desktop/mc_sdk-install/f446-ihm07-a2208/f446-ihm07-a2208/Drivers/STM32F4xx_HAL_Driver/Src/stm32f4xx_hal_gpio.c:292:6:HAL_GPIO_DeInit	48	static
C:/Users/user/Desktop/mc_sdk-install/f446-ihm07-a2208/f446-ihm07-a2208/Drivers/STM32F4xx_HAL_Driver/Src/stm32f4xx_hal_gpio.c:373:15:HAL_GPIO_ReadPin	0	static
C:/Users/user/Desktop/mc_sdk-install/f446-ihm07-a2208/f446-ihm07-a2208/Drivers/STM32F4xx_HAL_Driver/Src/stm32f4xx_hal_gpio.c:408:6:HAL_GPIO_WritePin	0	static
C:/Users/user/Desktop/mc_sdk-install/f446-ihm07-a2208/f446-ihm07-a2208/Drivers/STM32F4xx_HAL_Driver/Src/stm32f4xx_hal_gpio.c:431:6:HAL_GPIO_TogglePin	0	static
C:/Users/user/Desktop/mc_sdk-install/f446-ihm07-a2208/f446-ihm07-a2208/Drivers/STM32F4xx_HAL_Driver/Src/stm32f4xx_hal_gpio.c:456:19:HAL_GPIO_LockPin	8	static
C:/Users/user/Desktop/mc_sdk-install/f446-ihm07-a2208/f446-ihm07-a2208/Drivers/STM32F4xx_HAL_Driver/Src/stm32f4xx_hal_gpio.c:505:13:HAL_GPIO_EXTI_Callback	0	static
C:/Users/user/Desktop/mc_sdk-install/f446-ihm07-a2208/f446-ihm07-a2208/Drivers/STM32F4xx_HAL_Driver/Src/stm32f4xx_hal_gpio.c:490:6:HAL_GPIO_EXTI_IRQHandler	8	static
